[MATCHED: syslog] Jun  9 06:06:20 combo syslogd 1.4.1: restart.
[MATCHED: syslog] Jun  9 06:06:20 combo syslog: syslogd startup succeeded
[MATCHED: syslog] Jun  9 06:06:20 combo syslog: klogd startup succeeded
[MATCHED: kernel] Jun  9 06:06:20 combo kernel: klogd 1.4.1, log source = /proc/kmsg started.
[MATCHED: kernel] Jun  9 06:06:20 combo kernel: Linux version 2.6.5-1.358 (bhcompile@bugs.build.redhat.com) (gcc version 3.3.3 20040412 (Red Hat Linux 3.3.3-7)) #1 Sat May 8 09:04:50 EDT 2004
[MATCHED: kernel] Jun  9 06:06:20 combo kernel: BIOS-provided physical RAM map:
[MATCHED: kernel] Jun  9 06:06:20 combo kernel:  BIOS-e820: 0000000000000000 - 00000000000a0000 (usable)
[MATCHED: kernel] Jun  9 06:06:20 combo kernel:  BIOS-e820: 00000000000f0000 - 0000000000100000 (reserved)
[MATCHED: kernel] Jun  9 06:06:20 combo kernel:  BIOS-e820: 0000000000100000 - 0000000007eae000 (usable)
[MATCHED: kernel] Jun  9 06:06:20 combo kernel:  BIOS-e820: 0000000007eae000 - 0000000008000000 (reserved)
[MATCHED: kernel] Jun  9 06:06:20 combo kernel:  BIOS-e820: 00000000ffb00000 - 0000000100000000 (reserved)
[MATCHED: kernel] Jun  9 06:06:20 combo kernel: 126MB LOWMEM available.
[MATCHED: kernel] Jun  9 06:06:20 combo kernel: zapping low mappings.
[MATCHED: kernel] Jun  9 06:06:20 combo kernel: On node 0 totalpages: 32430
[MATCHED: kernel] Jun  9 06:06:20 combo kernel:   DMA zone: 4096 pages, LIFO batch:1
[MATCHED: kernel] Jun  9 06:06:20 combo kernel:   Normal zone: 28334 pages, LIFO batch:6
[MATCHED: kernel] Jun  9 06:06:20 combo kernel:   HighMem zone: 0 pages, LIFO batch:1
[MATCHED: kernel] Jun  9 06:06:20 combo kernel: DMI 2.3 present.
[MATCHED: kernel] Jun  9 06:06:20 combo kernel: ACPI disabled because your bios is from 2000 and too old
[MATCHED: kernel] Jun  9 06:06:20 combo kernel: You can enable it with acpi=force
[MATCHED: kernel] Jun  9 06:06:20 combo kernel: Built 1 zonelists
[MATCHED: irqbalance] Jun  9 06:06:20 combo irqbalance: irqbalance startup succeeded
[MATCHED: kernel] Jun  9 06:06:20 combo kernel: Kernel command line: ro root=LABEL=/ rhgb quiet
[MATCHED: kernel] Jun  9 06:06:20 combo kernel: mapped 4G/4G trampoline to ffff3000.
[MATCHED: kernel] Jun  9 06:06:20 combo kernel: Initializing CPU#0
[MATCHED: portmap] Jun  9 06:06:20 combo portmap: portmap startup succeeded
[MATCHED: kernel] Jun  9 06:06:20 combo kernel: CPU 0 irqstacks, hard=02345000 soft=02344000
[MATCHED: kernel] Jun  9 06:06:20 combo kernel: PID hash table entries: 512 (order 9: 4096 bytes)
[MATCHED: kernel] Jun  9 06:06:20 combo kernel: Detected 731.214 MHz processor.
[MATCHED: kernel] Jun  9 06:06:20 combo kernel: Using tsc for high-res timesource
[MATCHED: kernel] Jun  9 06:06:20 combo kernel: Console: colour VGA+ 80x25
[MATCHED: kernel] Jun  9 06:06:20 combo kernel: Memory: 125312k/129720k available (1540k kernel code, 3860k reserved, 599k data, 144k init, 0k highmem)
[MATCHED: kernel] Jun  9 06:06:20 combo kernel: Calibrating delay loop... 1441.79 BogoMIPS
[MATCHED: kernel] Jun  9 06:06:20 combo kernel: Security Scaffold v1.0.0 initialized
[MATCHED: kernel] Jun  9 06:06:20 combo kernel: SELinux:  Initializing.
[MATCHED: kernel] Jun  9 06:06:20 combo kernel: SELinux:  Starting in permissive mode
[MATCHED: kernel] Jun  9 06:06:20 combo kernel: There is already a security framework initialized, register_security failed.
[MATCHED: kernel] Jun  9 06:06:20 combo kernel: Failure registering capabilities with the kernel
[MATCHED: kernel] Jun  9 06:06:20 combo kernel: selinux_register_security:  Registering secondary module capability
[MATCHED: kernel] Jun  9 06:06:20 combo kernel: Capability LSM initialized
[MATCHED: kernel] Jun  9 06:06:20 combo kernel: Dentry cache hash table entries: 16384 (order: 4, 65536 bytes)
[MATCHED: kernel] Jun  9 06:06:20 combo kernel: Inode-cache hash table entries: 8192 (order: 3, 32768 bytes)
[MATCHED: kernel] Jun  9 06:06:20 combo kernel: Mount-cache hash table entries: 512 (order: 0, 4096 bytes)
[MATCHED: rpc.statd] Jun  9 06:06:20 combo rpc.statd[1605]: Version 1.0.6 Starting
[MATCHED: nfslock] Jun  9 06:06:20 combo nfslock: rpc.statd startup succeeded
[MATCHED: kernel] Jun  9 06:06:20 combo kernel: CPU: L1 I cache: 16K, L1 D cache: 16K
[MATCHED: kernel] Jun  9 06:06:21 combo kernel: CPU: L2 cache: 256K
[MATCHED: kernel] Jun  9 06:06:21 combo kernel: Intel machine check architecture supported.
[MATCHED: kernel] Jun  9 06:06:21 combo kernel: CPU: Intel Pentium III (Coppermine) stepping 06
[MATCHED: kernel] Jun  9 06:06:21 combo kernel: Enabling fast FPU save and restore... done.
[MATCHED: kernel] Jun  9 06:06:21 combo kernel: Enabling unmasked SIMD FPU exception support... done.
[MATCHED: kernel] Jun  9 06:06:21 combo kernel: Checking 'hlt' instruction... OK.
[MATCHED: kernel] Jun  9 06:06:21 combo kernel: POSIX conformance testing by UNIFIX
[MATCHED: kernel] Jun  9 06:06:21 combo kernel: NET: Registered protocol family 16
[MATCHED: kernel] Jun  9 06:06:21 combo kernel: PCI: PCI BIOS revision 2.10 entry at 0xfc0ce, last bus=1
[MATCHED: kernel] Jun  9 06:06:21 combo kernel: PCI: Using configuration type 1
[MATCHED: kernel] Jun  9 06:06:21 combo kernel: ACPI: Subsystem revision 20040326
[MATCHED: kernel] Jun  9 06:06:21 combo kernel: ACPI: Interpreter disabled.
[MATCHED: kernel] Jun  9 06:06:21 combo kernel: Linux Plug and Play Support v0.97 (c) Adam Belay
[MATCHED: kernel] Jun  9 06:06:21 combo kernel: usbcore: registered new driver usbfs
[MATCHED: kernel] Jun  9 06:06:21 combo kernel: usbcore: registered new driver hub
[MATCHED: rpcidmapd] Jun  9 06:06:21 combo rpcidmapd: rpc.idmapd startup succeeded
[MATCHED: kernel] Jun  9 06:06:21 combo kernel: ACPI: ACPI tables contain no PCI IRQ routing entries
[MATCHED: kernel] Jun  9 06:06:21 combo kernel: PCI: Invalid ACPI-PCI IRQ routing table
[MATCHED: random] Jun  9 06:06:21 combo random: Initializing random number generator:  succeeded
[MATCHED: kernel] Jun  9 06:06:21 combo kernel: PCI: Probing PCI hardware
[MATCHED: kernel] Jun  9 06:06:21 combo kernel: PCI: Probing PCI hardware (bus 00)
[MATCHED: kernel] Jun  9 06:06:21 combo kernel: Transparent bridge - 0000:00:1e.0
[MATCHED: kernel] Jun  9 06:06:21 combo kernel: PCI: Using IRQ router PIIX/ICH [8086/2410] at 0000:00:1f.0
[MATCHED: kernel] Jun  9 06:06:21 combo kernel: apm: BIOS version 1.2 Flags 0x03 (Driver version 1.16ac)
[MATCHED: kernel] Jun  9 06:06:21 combo kernel: audit: initializing netlink socket (disabled)
[MATCHED: kernel] Jun  9 06:06:21 combo kernel: audit(1118297138.4294965368:0): initialized
[MATCHED: kernel] Jun  9 06:06:21 combo kernel: Total HugeTLB memory allocated, 0
[MATCHED: rc] Jun  9 06:06:21 combo rc: Starting pcmcia:  succeeded
[MATCHED: kernel] Jun  9 06:06:21 combo kernel: VFS: Disk quotas dquot_6.5.1
[MATCHED: kernel] Jun  9 06:06:21 combo kernel: Dquot-cache hash table entries: 1024 (order 0, 4096 bytes)
[MATCHED: kernel] Jun  9 06:06:21 combo kernel: SELinux:  Registering netfilter hooks
[MATCHED: kernel] Jun  9 06:06:21 combo kernel: Initializing Cryptographic API
[MATCHED: kernel] Jun  9 06:06:21 combo kernel: pci_hotplug: PCI Hot Plug PCI Core version: 0.5
[MATCHED: kernel] Jun  9 06:06:21 combo kernel: isapnp: Scanning for PnP cards...
[MATCHED: kernel] Jun  9 06:06:21 combo kernel: isapnp: No Plug & Play device found
[MATCHED: kernel] Jun  9 06:06:21 combo kernel: Real Time Clock Driver v1.12
[MATCHED: kernel] Jun  9 06:06:21 combo kernel: Linux agpgart interface v0.100 (c) Dave Jones
[MATCHED: kernel] Jun  9 06:06:21 combo kernel: agpgart: Detected an Intel i810 E Chipset.
[MATCHED: kernel] Jun  9 06:06:21 combo kernel: agpgart: Maximum main memory to use for agp memory: 93M
[MATCHED: bluetooth] Jun  9 06:06:22 combo bluetooth: hcid startup succeeded
[MATCHED: kernel] Jun  9 06:06:22 combo kernel: agpgart: detected 4MB dedicated video ram.
[MATCHED: hcid] Jun  9 06:06:22 combo hcid[1677]: HCI daemon ver 2.4 started
[MATCHED: network] Jun  9 06:06:17 combo network: Setting network parameters:  succeeded 
[MATCHED: bluetooth] Jun  9 06:06:22 combo bluetooth: sdpd startup succeeded
[MATCHED: kernel] Jun  9 06:06:22 combo kernel: agpgart: AGP aperture is 64M @ 0xf4000000
[MATCHED: network] Jun  9 06:06:17 combo network: Bringing up loopback interface:  succeeded 
[MATCHED: kernel] Jun  9 06:06:22 combo kernel: Serial: 8250/16550 driver $Revision: 1.90 $ 8 ports, IRQ sharing enabled
[MATCHED: kernel] Jun  9 06:06:22 combo kernel: RAMDISK driver initialized: 16 RAM disks of 16384K size 1024 blocksize
[MATCHED: kernel] Jun  9 06:06:22 combo kernel: Uniform Multi-Platform E-IDE driver Revision: 7.00alpha2
[MATCHED: netfs] Jun  9 06:06:23 combo netfs: Mounting other filesystems:  succeeded
[MATCHED: kernel] Jun  9 06:06:23 combo kernel: ide: Assuming 33MHz system bus speed for PIO modes; override with idebus=xx
[MATCHED: kernel] Jun  9 06:06:23 combo kernel: ICH: IDE controller at PCI slot 0000:00:1f.1
[MATCHED: apmd] Jun  9 06:06:23 combo apmd[1717]: Version 3.0.2 (APM BIOS 1.2, Linux driver 1.16ac)
[MATCHED: apmd] Jun  9 06:06:23 combo apmd: apmd startup succeeded
[MATCHED: kernel] Jun  9 06:06:23 combo kernel: ICH: chipset revision 2
[MATCHED: kernel] Jun  9 06:06:23 combo kernel:     ide0: BM-DMA at 0xffa0-0xffa7, BIOS settings: hda:DMA, hdb:pio
[MATCHED: autofs] Jun  9 06:06:24 combo autofs: automount startup succeeded
[MATCHED: kernel] Jun  9 06:06:24 combo kernel:     ide1: BM-DMA at 0xffa8-0xffaf, BIOS settings: hdc:DMA, hdd:pio
[MATCHED: kernel] Jun  9 06:06:24 combo kernel: Using cfq io scheduler
[MATCHED: smartd] Jun  9 06:06:24 combo smartd[1755]: Home page is http://smartmontools.sourceforge.net/  
[MATCHED: kernel] Jun  9 06:06:24 combo kernel: ide0 at 0x1f0-0x1f7,0x3f6 on irq 14
[MATCHED: smartd] Jun  9 06:06:24 combo smartd[1755]: Opened configuration file /etc/smartd.conf 
[MATCHED: smartd] Jun  9 06:06:24 combo smartd[1755]: Configuration file /etc/smartd.conf parsed. 
[MATCHED: smartd] Jun  9 06:06:24 combo smartd[1755]: Device: /dev/hda, opened 
[MATCHED: kernel] Jun  9 06:06:24 combo kernel: ide1 at 0x170-0x177,0x376 on irq 15
[MATCHED: apmd] Jun  9 06:06:24 combo apmd[1717]: Charge: * * * (-1% unknown)
[MATCHED: smartd] Jun  9 06:06:24 combo smartd[1755]: Device: /dev/hda, found in smartd database. 
[MATCHED: kernel] Jun  9 06:06:24 combo kernel: hda: max request size: 128KiB
[MATCHED: smartd] Jun  9 06:06:24 combo smartd[1755]: Device: /dev/hda, is SMART capable. Adding to "monitor" list. 
[MATCHED: kernel] Jun  9 06:06:24 combo kernel: hda: 29336832 sectors (15020 MB) w/1916KiB Cache, CHS=29104/16/63, UDMA(66)
[MATCHED: smartd] Jun  9 06:06:24 combo smartd[1755]: Monitoring 1 ATA and 0 SCSI devices 
[MATCHED: smartd] Jun  9 06:06:24 combo smartd[1757]: smartd has fork()ed into background mode. New PID=1757. 
[MATCHED: smartd] Jun  9 06:06:24 combo smartd: smartd startup succeeded
[MATCHED: kernel] Jun  9 06:06:24 combo kernel: Uniform CD-ROM driver Revision: 3.20
[MATCHED: kernel] Jun  9 06:06:24 combo kernel: ide-floppy driver 0.99.newide
[MATCHED: kernel] Jun  9 06:06:24 combo kernel: usbcore: registered new driver hiddev
[MATCHED: kernel] Jun  9 06:06:24 combo kernel: usbcore: registered new driver hid
[MATCHED: kernel] Jun  9 06:06:25 combo kernel: mice: PS/2 mouse device common for all mice
[MATCHED: kernel] Jun  9 06:06:25 combo kernel: serio: i8042 AUX port at 0x60,0x64 irq 12
[MATCHED: kernel] Jun  9 06:06:25 combo kernel: input: ImPS/2 Logitech Wheel Mouse on isa0060/serio1
[MATCHED: kernel] Jun  9 06:06:25 combo kernel: serio: i8042 KBD port at 0x60,0x64 irq 1
[MATCHED: kernel] Jun  9 06:06:25 combo kernel: input: AT Translated Set 2 keyboard on isa0060/serio0
[MATCHED: kernel] Jun  9 06:06:25 combo kernel: md: md driver 0.90.0 MAX_MD_DEVS=256, MD_SB_DISKS=27
[MATCHED: kernel] Jun  9 06:06:25 combo kernel: NET: Registered protocol family 2
[MATCHED: kernel] Jun  9 06:06:25 combo kernel: IP: routing cache hash table of 512 buckets, 4Kbytes
[MATCHED: kernel] Jun  9 06:06:26 combo kernel: TCP: Hash tables configured (established 8192 bind 16384)
[MATCHED: kernel] Jun  9 06:06:26 combo kernel: Initializing IPsec netlink socket
[MATCHED: kernel] Jun  9 06:06:26 combo kernel: NET: Registered protocol family 1
[MATCHED: kernel] Jun  9 06:06:26 combo kernel: NET: Registered protocol family 17
[MATCHED: kernel] Jun  9 06:06:26 combo kernel: checking if image is initramfs...it isn't (no cpio magic); looks like an initrd
[MATCHED: kernel] Jun  9 06:06:26 combo kernel: Freeing initrd memory: 186k freed
[MATCHED: kernel] Jun  9 06:06:26 combo kernel: md: Autodetecting RAID arrays.
[MATCHED: kernel] Jun  9 06:06:26 combo kernel: md: autorun ...
[MATCHED: kernel] Jun  9 06:06:26 combo kernel: RAMDISK: Compressed image found at block 0
[MATCHED: rc] Jun  9 06:06:26 combo rc: Starting hpoj:  succeeded
[MATCHED: kernel] Jun  9 06:06:26 combo kernel: VFS: Mounted root (ext2 filesystem).
[MATCHED: kernel] Jun  9 06:06:26 combo kernel: EXT3-fs: write access will be enabled during recovery.
[MATCHED: kernel] Jun  9 06:06:26 combo kernel: kjournald starting.  Commit interval 5 seconds
[MATCHED: kernel] Jun  9 06:06:27 combo kernel: EXT3-fs: hda2: 4 orphan inodes deleted
[MATCHED: kernel] Jun  9 06:06:27 combo kernel: EXT3-fs: recovery complete.
[MATCHED: kernel] Jun  9 06:06:27 combo kernel: EXT3-fs: mounted filesystem with ordered data mode.
[MATCHED: kernel] Jun  9 06:06:27 combo kernel: Freeing unused kernel memory: 144k freed
[MATCHED: kernel] Jun  9 06:06:27 combo kernel: SELinux:  Disabled at runtime.
[MATCHED: kernel] Jun  9 06:06:28 combo kernel: SELinux:  Unregistering netfilter hooks
[MATCHED: kernel] Jun  9 06:06:28 combo kernel: NET: Registered protocol family 10
[MATCHED: kernel] Jun  9 06:06:28 combo kernel: Disabled Privacy Extensions on device 022db720(lo)
[MATCHED: kernel] Jun  9 06:06:28 combo kernel: IPv6 over IPv4 tunneling driver
[MATCHED: kernel] Jun  9 06:06:28 combo kernel: USB Universal Host Controller Interface driver v2.2
[MATCHED: kernel] Jun  9 06:06:28 combo kernel: PCI: Found IRQ 11 for device 0000:00:1f.2
[MATCHED: kernel] Jun  9 06:06:29 combo kernel: uhci_hcd 0000:00:1f.2: UHCI Host Controller
[MATCHED: kernel] Jun  9 06:06:29 combo kernel: uhci_hcd 0000:00:1f.2: irq 11, io base 0000ff80
[MATCHED: kernel] Jun  9 06:06:29 combo kernel: uhci_hcd 0000:00:1f.2: new USB bus registered, assigned bus number 1
[MATCHED: kernel] Jun  9 06:06:29 combo kernel: EXT3 FS on hda2, internal journal
[MATCHED: kernel] Jun  9 06:06:30 combo kernel: cdrom: open failed.
[MATCHED: kernel] Jun  9 06:06:30 combo kernel: Adding 262072k swap on /dev/hda3.  Priority:-1 extents:1
[MATCHED: kernel] Jun  9 06:06:30 combo kernel: kjournald starting.  Commit interval 5 seconds
[MATCHED: kernel] Jun  9 06:06:30 combo kernel: EXT3 FS on hda1, internal journal
[MATCHED: kernel] Jun  9 06:06:31 combo kernel: EXT3-fs: mounted filesystem with ordered data mode.
[MATCHED: kernel] Jun  9 06:06:31 combo kernel: microcode: CPU0 already at revision 0x8 (current=0x8)
[MATCHED: kernel] Jun  9 06:06:31 combo kernel: microcode: No suitable data for cpu 0
[MATCHED: kernel] Jun  9 06:06:31 combo kernel: parport0: PC-style at 0x378 (0x778) [PCSPP,TRISTATE,EPP]
[MATCHED: kernel] Jun  9 06:06:31 combo kernel: parport0: irq 7 detected
[MATCHED: kernel] Jun  9 06:06:31 combo kernel: SCSI subsystem initialized
[MATCHED: kernel] Jun  9 06:06:32 combo kernel: inserting floppy driver for 2.6.5-1.358
[MATCHED: kernel] Jun  9 06:06:32 combo kernel: Floppy drive(s): fd0 is 1.44M
[MATCHED: kernel] Jun  9 06:06:32 combo kernel: FDC 0 is a National Semiconductor PC87306
[MATCHED: kernel] Jun  9 06:06:33 combo kernel: PCI: Found IRQ 5 for device 0000:01:0c.0
[MATCHED: kernel] Jun  9 06:06:33 combo kernel: 3c59x: Donald Becker and others. www.scyld.com/network/vortex.html
[MATCHED: kernel] Jun  9 06:06:34 combo kernel: ip_tables: (C) 2000-2002 Netfilter core team
[MATCHED: kernel] Jun  9 06:06:34 combo kernel: PCI: Found IRQ 5 for device 0000:01:0c.0
[MATCHED: kernel] Jun  9 06:06:34 combo kernel: 3c59x: Donald Becker and others. www.scyld.com/network/vortex.html
[MATCHED: kernel] Jun  9 06:06:34 combo kernel: ip_tables: (C) 2000-2002 Netfilter core team
[MATCHED: kernel] Jun  9 06:06:34 combo kernel: process `syslogd' is using obsolete setsockopt SO_BSDCOMPAT
[MATCHED: kernel] Jun  9 06:06:34 combo kernel: Bluetooth: Core ver 2.4
[MATCHED: kernel] Jun  9 06:06:34 combo kernel: NET: Registered protocol family 31
[MATCHED: kernel] Jun  9 06:06:34 combo kernel: Bluetooth: HCI device and connection manager initialized
[MATCHED: kernel] Jun  9 06:06:34 combo kernel: Bluetooth: HCI socket layer initialized
[MATCHED: kernel] Jun  9 06:06:34 combo kernel: Bluetooth: L2CAP ver 2.1
[MATCHED: kernel] Jun  9 06:06:34 combo kernel: Bluetooth: RFCOMM ver 1.2
[MATCHED: kernel] Jun  9 06:06:34 combo kernel: Bluetooth: RFCOMM socket layer initialized
[MATCHED: kernel] Jun  9 06:06:34 combo kernel: Bluetooth: RFCOMM TTY layer initialized
[MATCHED: kernel] Jun  9 06:06:34 combo kernel: parport0: PC-style at 0x378 (0x778) [PCSPP,TRISTATE,EPP]
[MATCHED: kernel] Jun  9 06:06:34 combo kernel: parport0: irq 7 detected
[MATCHED: cups] Jun  9 06:06:37 combo cups: cupsd startup succeeded
[MATCHED: sendmail] Jun  9 06:06:40 combo sendmail: sendmail startup succeeded
[MATCHED: sendmail] Jun  9 06:06:41 combo sendmail: sm-client startup succeeded
[MATCHED: spamassassin] Jun  9 06:06:44 combo spamassassin: spamd startup succeeded
[MATCHED: privoxy] Jun  9 06:06:44 combo privoxy: Jun 09 06:06:44 Privoxy(-150093696) Info: loading configuration file '/etc/privoxy/config':
[MATCHED: udev] Jun  9 06:06:45 combo udev[2054]: creating device node '/udev/lp0'
[MATCHED: privoxy] Jun  9 06:06:45 combo privoxy: privoxy startup succeeded
[MATCHED: gpm] Jun  9 06:06:45 combo gpm[2068]: *** info [startup.c(95)]: 
[MATCHED: gpm] Jun  9 06:06:45 combo gpm[2068]: Started gpm successfully. Entered daemon mode.
[MATCHED: gpm] Jun  9 06:06:46 combo gpm[2068]: *** info [mice.c(1766)]: 
[MATCHED: gpm] Jun  9 06:06:46 combo gpm[2068]: imps2: Auto-detected intellimouse PS/2
[MATCHED: gpm] Jun  9 06:06:46 combo gpm: gpm startup succeeded
[MATCHED: IIim] Jun  9 06:06:46 combo IIim: htt startup succeeded
[MATCHED: htt] Jun  9 06:06:48 combo htt_server[2080]: started.
[MATCHED: canna] Jun  9 06:06:49 combo canna:  succeeded
[MATCHED: crond] Jun  9 06:06:49 combo crond: crond startup succeeded
[MATCHED: xfs] Jun  9 06:06:50 combo xfs: xfs startup succeeded
[MATCHED: anacron] Jun  9 06:06:51 combo anacron: anacron startup succeeded
[MATCHED: atd] Jun  9 06:06:51 combo atd: atd startup succeeded
[MATCHED: readahead] Jun  9 06:06:51 combo readahead: Starting background readahead: 
[MATCHED: rc] Jun  9 06:06:51 combo rc: Starting readahead:  succeeded
[MATCHED: messagebus] Jun  9 06:06:52 combo messagebus: messagebus startup succeeded
[MATCHED: httpd] Jun  9 06:07:06 combo httpd: httpd startup succeeded
[MATCHED: squid] Jun  9 06:07:07 combo squid[2261]: Squid Parent: child process 2264 started
[MATCHED: named] Jun  9 10:07:13 combo named[2275]: starting BIND 9.2.3 -u named -t /var/named/chroot
[MATCHED: named] Jun  9 10:07:13 combo named[2275]: using 1 CPU
[MATCHED: named] Jun  9 06:07:13 combo named: named startup succeeded
[MATCHED: named] Jun  9 10:07:13 combo named[2275]: loading configuration from '/etc/named.conf'
[MATCHED: named] Jun  9 10:07:13 combo named[2275]: listening on IPv4 interface lo, 127.0.0.1#53
[MATCHED: named] Jun  9 10:07:13 combo named[2275]: listening on IPv4 interface eth0, 63.126.79.67#53
[MATCHED: named] Jun  9 10:07:13 combo named[2275]: listening on IPv4 interface eth0:1, 63.126.79.69#53
[MATCHED: named] Jun  9 10:07:13 combo named[2275]: listening on IPv4 interface eth0:2, 63.126.79.70#53
[MATCHED: named] Jun  9 10:07:13 combo named[2275]: listening on IPv4 interface eth0:3, 63.126.79.71#53
[MATCHED: named] Jun  9 10:07:13 combo named[2275]: listening on IPv4 interface eth0:4, 63.126.79.72#53
[MATCHED: named] Jun  9 10:07:13 combo named[2275]: listening on IPv4 interface eth0:5, 63.126.79.73#53
[MATCHED: named] Jun  9 10:07:13 combo named[2275]: listening on IPv4 interface eth0:6, 63.126.79.75#53
[MATCHED: named] Jun  9 10:07:13 combo named[2275]: listening on IPv4 interface eth0:7, 63.126.79.80#53
[MATCHED: named] Jun  9 10:07:13 combo named[2275]: listening on IPv4 interface eth0:8, 63.126.79.81#53
[MATCHED: named] Jun  9 10:07:14 combo named[2275]: listening on IPv4 interface eth0:9, 63.126.79.82#53
[MATCHED: named] Jun  9 10:07:14 combo named[2275]: listening on IPv4 interface eth0:10, 63.126.79.83#53
[MATCHED: named] Jun  9 10:07:15 combo named[2275]: listening on IPv4 interface eth0:11, 63.126.79.84#53
[MATCHED: named] Jun  9 10:07:16 combo named[2275]: listening on IPv4 interface eth0:12, 63.126.79.85#53
[MATCHED: named] Jun  9 10:07:16 combo named[2275]: listening on IPv4 interface eth0:13, 63.126.79.87#53
[MATCHED: ntpd] Jun  9 06:07:17 combo ntpd: ntpd startup succeeded
[MATCHED: named] Jun  9 10:07:17 combo named[2275]: listening on IPv4 interface eth0:14, 63.126.79.89#53
[MATCHED: named] Jun  9 10:07:18 combo named[2275]: listening on IPv4 interface eth0:15, 63.126.79.90#53
[MATCHED: named] Jun  9 10:07:18 combo named[2275]: listening on IPv4 interface eth0:16, 63.126.79.95#53
[MATCHED: named] Jun  9 10:07:19 combo named[2275]: listening on IPv4 interface eth0:17, 63.126.79.100#53
[MATCHED: ntpd] Jun  9 06:07:19 combo ntpd[2296]: precision = 1.000 usec
[MATCHED: named] Jun  9 10:07:19 combo named[2275]: listening on IPv4 interface eth0:18, 63.126.79.105#53
[MATCHED: named] Jun  9 10:07:20 combo named[2275]: listening on IPv4 interface eth0:19, 63.126.79.110#53
[MATCHED: ntpd] Jun  9 06:07:19 combo ntpd[2296]: kernel time sync status 0040
[MATCHED: named] Jun  9 10:07:20 combo named[2275]: listening on IPv4 interface eth0:20, 63.126.79.115#53
[MATCHED: ntpd] Jun  9 06:07:20 combo ntpd[2296]: frequency initialized 0.000 PPM from /var/lib/ntp/drift
[MATCHED: named] Jun  9 10:07:20 combo named[2275]: listening on IPv4 interface eth0:21, 63.126.79.120#53
[MATCHED: named] Jun  9 10:07:21 combo named[2275]: listening on IPv4 interface eth0:22, 63.126.79.125#53
[MATCHED: ntpd] Jun  9 06:07:21 combo ntpd[2296]: configure: keyword "authenticate" unknown, line ignored
[MATCHED: named] Jun  9 10:07:21 combo named[2275]: couldn't add command channel 127.0.0.1#953: not found
[MATCHED: named] Jun  9 10:07:22 combo named[2275]: couldn't add command channel ::1#953: not found
[MATCHED: mysqld] Jun  9 06:07:22 combo mysqld: Starting MySQL:  succeeded
[MATCHED: named] Jun  9 10:07:22 combo named[2275]: running
[MATCHED: rsyncd] Jun  9 06:07:23 combo rsyncd[2360]: rsyncd version 2.6.2 starting, listening on port 873 
[MATCHED: udev] Jun  9 06:07:26 combo udev[2514]: creating device node '/udev/vcs2'
[MATCHED: udev] Jun  9 06:07:26 combo udev[2515]: creating device node '/udev/vcsa2'
[MATCHED: udev] Jun  9 06:07:26 combo udev[2541]: creating device node '/udev/vcs1'
[MATCHED: udev] Jun  9 06:07:26 combo udev[2542]: creating device node '/udev/vcsa1'
[MATCHED: udev] Jun  9 06:07:26 combo udev[2555]: creating device node '/udev/vcs5'
[MATCHED: udev] Jun  9 06:07:26 combo udev[2566]: creating device node '/udev/vcsa5'
[MATCHED: udev] Jun  9 06:07:26 combo udev[2590]: removing device node '/udev/vcs2'
[MATCHED: udev] Jun  9 06:07:26 combo udev[2456]: removing device node '/udev/vcsa8'
[MATCHED: udev] Jun  9 06:07:26 combo udev[2611]: removing device node '/udev/vcsa5'
[MATCHED: udev] Jun  9 06:07:26 combo udev[2575]: removing device node '/udev/vcs1'
[MATCHED: udev] Jun  9 06:07:26 combo udev[2587]: removing device node '/udev/vcsa1'
[MATCHED: udev] Jun  9 06:07:26 combo udev[2596]: removing device node '/udev/vcs5'
[MATCHED: udev] Jun  9 06:07:26 combo udev[2606]: creating device node '/udev/vcs2'
[MATCHED: udev] Jun  9 06:07:26 combo udev[2455]: removing device node '/udev/vcs8'
[MATCHED: udev] Jun  9 06:07:26 combo udev[2498]: creating device node '/udev/vcsa3'
[MATCHED: udev] Jun  9 06:07:26 combo udev[2457]: creating device node '/udev/vcs3'
[MATCHED: udev] Jun  9 06:07:26 combo udev[2578]: removing device node '/udev/vcsa2'
[MATCHED: udev] Jun  9 06:07:27 combo udev[2720]: creating device node '/udev/vcsa5'
[MATCHED: udev] Jun  9 06:07:27 combo udev[2724]: creating device node '/udev/vcs1'
[MATCHED: udev] Jun  9 06:07:27 combo udev[2631]: creating device node '/udev/vcs6'
[MATCHED: udev] Jun  9 06:07:27 combo udev[2641]: creating device node '/udev/vcs4'
[MATCHED: udev] Jun  9 06:07:27 combo udev[2648]: creating device node '/udev/vcsa6'
[MATCHED: udev] Jun  9 06:07:27 combo udev[2655]: creating device node '/udev/vcsa4'
[MATCHED: udev] Jun  9 06:07:27 combo udev[2725]: creating device node '/udev/vcsa1'
[MATCHED: udev] Jun  9 06:07:28 combo udev[2734]: creating device node '/udev/vcs5'
[MATCHED: udev] Jun  9 06:07:28 combo udev[2743]: removing device node '/udev/vcsa3'
[MATCHED: udev] Jun  9 06:07:28 combo udev[2752]: removing device node '/udev/vcs3'
[MATCHED: udev] Jun  9 06:07:29 combo udev[2757]: creating device node '/udev/vcsa2'
[MATCHED: udev] Jun  9 06:07:29 combo udev[2770]: removing device node '/udev/vcs6'
[MATCHED: udev] Jun  9 06:07:30 combo udev[2779]: removing device node '/udev/vcs4'
[MATCHED: udev] Jun  9 06:07:30 combo udev[2789]: removing device node '/udev/vcsa6'
[MATCHED: udev] Jun  9 06:07:30 combo udev[2798]: removing device node '/udev/vcsa4'
[MATCHED: udev] Jun  9 06:07:31 combo udev[2811]: creating device node '/udev/vcsa3'
[MATCHED: udev] Jun  9 06:07:31 combo udev[2813]: creating device node '/udev/vcs3'
[MATCHED: udev] Jun  9 06:07:32 combo udev[2833]: creating device node '/udev/vcs6'
[MATCHED: udev] Jun  9 06:07:32 combo udev[2846]: creating device node '/udev/vcs4'
[MATCHED: udev] Jun  9 06:07:32 combo udev[2847]: creating device node '/udev/vcsa6'
[MATCHED: udev] Jun  9 06:07:32 combo udev[2848]: creating device node '/udev/vcsa4'
[MATCHED: udev] Jun  9 06:07:33 combo udev[2820]: creating device node '/udev/vcs7'
[MATCHED: udev] Jun  9 06:07:33 combo udev[2827]: creating device node '/udev/vcsa7'
[MATCHED: udev] Jun  9 06:07:34 combo udev[2889]: removing device node '/udev/vcs7'
[MATCHED: udev] Jun  9 06:07:34 combo udev[2898]: removing device node '/udev/vcsa7'
[MATCHED: udev] Jun  9 06:07:34 combo udev[2903]: creating device node '/udev/vcs7'
[MATCHED: udev] Jun  9 06:07:34 combo udev[2904]: creating device node '/udev/vcsa7'
[MATCHED: ntpd] Jun  9 06:10:35 combo ntpd[2296]: synchronized to LOCAL(0), stratum=10
[MATCHED: ntpd] Jun  9 06:10:35 combo ntpd[2296]: kernel time sync disabled 0041
[MATCHED: ntpd] Jun  9 06:11:41 combo ntpd[2296]: kernel time sync enabled 0001
[MATCHED: logrotate] Jun 10 04:03:02 combo logrotate: ALERT exited abnormally with [1]
[MATCHED: syslog] Jun 10 11:31:44 combo syslogd 1.4.1: restart.
[MATCHED: syslog] Jun 10 11:31:44 combo syslog: syslogd startup succeeded
[MATCHED: kernel] Jun 10 11:31:44 combo kernel: klogd 1.4.1, log source = /proc/kmsg started.
[MATCHED: kernel] Jun 10 11:31:44 combo kernel: Linux version 2.6.5-1.358 (bhcompile@bugs.build.redhat.com) (gcc version 3.3.3 20040412 (Red Hat Linux 3.3.3-7)) #1 Sat May 8 09:04:50 EDT 2004
[MATCHED: kernel] Jun 10 11:31:44 combo kernel: BIOS-provided physical RAM map:
[MATCHED: kernel] Jun 10 11:31:44 combo kernel:  BIOS-e820: 0000000000000000 - 00000000000a0000 (usable)
[MATCHED: kernel] Jun 10 11:31:44 combo kernel:  BIOS-e820: 00000000000f0000 - 0000000000100000 (reserved)
[MATCHED: kernel] Jun 10 11:31:44 combo kernel:  BIOS-e820: 0000000000100000 - 0000000007eae000 (usable)
[MATCHED: kernel] Jun 10 11:31:44 combo kernel:  BIOS-e820: 0000000007eae000 - 0000000008000000 (reserved)
[MATCHED: kernel] Jun 10 11:31:44 combo kernel:  BIOS-e820: 00000000ffb00000 - 0000000100000000 (reserved)
[MATCHED: kernel] Jun 10 11:31:44 combo kernel: 126MB LOWMEM available.
[MATCHED: kernel] Jun 10 11:31:44 combo kernel: zapping low mappings.
[MATCHED: kernel] Jun 10 11:31:44 combo kernel: On node 0 totalpages: 32430
[MATCHED: syslog] Jun 10 11:31:44 combo syslog: klogd startup succeeded
[MATCHED: kernel] Jun 10 11:31:44 combo kernel:   DMA zone: 4096 pages, LIFO batch:1
[MATCHED: kernel] Jun 10 11:31:44 combo kernel:   Normal zone: 28334 pages, LIFO batch:6
[MATCHED: irqbalance] Jun 10 11:31:44 combo irqbalance: irqbalance startup succeeded
[MATCHED: kernel] Jun 10 11:31:44 combo kernel:   HighMem zone: 0 pages, LIFO batch:1
[MATCHED: kernel] Jun 10 11:31:44 combo kernel: DMI 2.3 present.
[MATCHED: kernel] Jun 10 11:31:44 combo kernel: ACPI disabled because your bios is from 2000 and too old
[MATCHED: kernel] Jun 10 11:31:44 combo kernel: You can enable it with acpi=force
[MATCHED: kernel] Jun 10 11:31:44 combo kernel: Built 1 zonelists
[MATCHED: kernel] Jun 10 11:31:44 combo kernel: Kernel command line: ro root=LABEL=/ rhgb quiet
[MATCHED: kernel] Jun 10 11:31:44 combo kernel: mapped 4G/4G trampoline to ffff3000.
[MATCHED: kernel] Jun 10 11:31:44 combo kernel: Initializing CPU#0
[MATCHED: kernel] Jun 10 11:31:44 combo kernel: CPU 0 irqstacks, hard=02345000 soft=02344000
[MATCHED: kernel] Jun 10 11:31:44 combo kernel: PID hash table entries: 512 (order 9: 4096 bytes)
[MATCHED: kernel] Jun 10 11:31:44 combo kernel: Detected 731.221 MHz processor.
[MATCHED: kernel] Jun 10 11:31:44 combo kernel: Using tsc for high-res timesource
[MATCHED: kernel] Jun 10 11:31:44 combo kernel: Console: colour VGA+ 80x25
[MATCHED: kernel] Jun 10 11:31:44 combo kernel: Memory: 125312k/129720k available (1540k kernel code, 3860k reserved, 599k data, 144k init, 0k highmem)
[MATCHED: kernel] Jun 10 11:31:44 combo kernel: Calibrating delay loop... 1445.88 BogoMIPS
[MATCHED: kernel] Jun 10 11:31:44 combo kernel: Security Scaffold v1.0.0 initialized
[MATCHED: portmap] Jun 10 11:31:44 combo portmap: portmap startup succeeded
[MATCHED: kernel] Jun 10 11:31:44 combo kernel: SELinux:  Initializing.
[MATCHED: kernel] Jun 10 11:31:44 combo kernel: SELinux:  Starting in permissive mode
[MATCHED: kernel] Jun 10 11:31:44 combo kernel: There is already a security framework initialized, register_security failed.
[MATCHED: rpc.statd] Jun 10 11:31:44 combo rpc.statd[1636]: Version 1.0.6 Starting
[MATCHED: kernel] Jun 10 11:31:44 combo kernel: Failure registering capabilities with the kernel
[MATCHED: nfslock] Jun 10 11:31:44 combo nfslock: rpc.statd startup succeeded
[MATCHED: kernel] Jun 10 11:31:44 combo kernel: selinux_register_security:  Registering secondary module capability
[MATCHED: kernel] Jun 10 11:31:45 combo kernel: Capability LSM initialized
[MATCHED: kernel] Jun 10 11:31:45 combo kernel: Dentry cache hash table entries: 16384 (order: 4, 65536 bytes)
[MATCHED: kernel] Jun 10 11:31:45 combo kernel: Inode-cache hash table entries: 8192 (order: 3, 32768 bytes)
[MATCHED: kernel] Jun 10 11:31:45 combo kernel: Mount-cache hash table entries: 512 (order: 0, 4096 bytes)
[MATCHED: kernel] Jun 10 11:31:45 combo kernel: CPU: L1 I cache: 16K, L1 D cache: 16K
[MATCHED: kernel] Jun 10 11:31:45 combo kernel: CPU: L2 cache: 256K
[MATCHED: kernel] Jun 10 11:31:45 combo kernel: Intel machine check architecture supported.
[MATCHED: kernel] Jun 10 11:31:45 combo kernel: CPU: Intel Pentium III (Coppermine) stepping 06
[MATCHED: rpcidmapd] Jun 10 11:31:45 combo rpcidmapd: rpc.idmapd startup succeeded
[MATCHED: kernel] Jun 10 11:31:45 combo kernel: Enabling fast FPU save and restore... done.
[MATCHED: kernel] Jun 10 11:31:45 combo kernel: Enabling unmasked SIMD FPU exception support... done.
[MATCHED: kernel] Jun 10 11:31:45 combo kernel: Checking 'hlt' instruction... OK.
[MATCHED: kernel] Jun 10 11:31:45 combo kernel: POSIX conformance testing by UNIFIX
[MATCHED: kernel] Jun 10 11:31:45 combo kernel: NET: Registered protocol family 16
[MATCHED: kernel] Jun 10 11:31:45 combo kernel: PCI: PCI BIOS revision 2.10 entry at 0xfc0ce, last bus=1
[MATCHED: kernel] Jun 10 11:31:45 combo kernel: PCI: Using configuration type 1
[MATCHED: kernel] Jun 10 11:31:45 combo kernel: ACPI: Subsystem revision 20040326
[MATCHED: kernel] Jun 10 11:31:45 combo kernel: ACPI: Interpreter disabled.
[MATCHED: kernel] Jun 10 11:31:45 combo kernel: Linux Plug and Play Support v0.97 (c) Adam Belay
[MATCHED: kernel] Jun 10 11:31:45 combo kernel: usbcore: registered new driver usbfs
[MATCHED: random] Jun 10 11:31:45 combo random: Initializing random number generator:  succeeded
[MATCHED: kernel] Jun 10 11:31:45 combo kernel: usbcore: registered new driver hub
[MATCHED: kernel] Jun 10 11:31:45 combo kernel: ACPI: ACPI tables contain no PCI IRQ routing entries
[MATCHED: kernel] Jun 10 11:31:45 combo kernel: PCI: Invalid ACPI-PCI IRQ routing table
[MATCHED: kernel] Jun 10 11:31:45 combo kernel: PCI: Probing PCI hardware
[MATCHED: kernel] Jun 10 11:31:45 combo kernel: PCI: Probing PCI hardware (bus 00)
[MATCHED: rc] Jun 10 11:31:45 combo rc: Starting pcmcia:  succeeded
[MATCHED: kernel] Jun 10 11:31:45 combo kernel: Transparent bridge - 0000:00:1e.0
[MATCHED: kernel] Jun 10 11:31:45 combo kernel: PCI: Using IRQ router PIIX/ICH [8086/2410] at 0000:00:1f.0
[MATCHED: kernel] Jun 10 11:31:45 combo kernel: apm: BIOS version 1.2 Flags 0x03 (Driver version 1.16ac)
[MATCHED: kernel] Jun 10 11:31:45 combo kernel: audit: initializing netlink socket (disabled)
[MATCHED: kernel] Jun 10 11:31:45 combo kernel: audit(1118403053.397:0): initialized
[MATCHED: kernel] Jun 10 11:31:45 combo kernel: Total HugeTLB memory allocated, 0
[MATCHED: kernel] Jun 10 11:31:45 combo kernel: VFS: Disk quotas dquot_6.5.1
[MATCHED: kernel] Jun 10 11:31:45 combo kernel: Dquot-cache hash table entries: 1024 (order 0, 4096 bytes)
[MATCHED: kernel] Jun 10 11:31:45 combo kernel: SELinux:  Registering netfilter hooks
[MATCHED: kernel] Jun 10 11:31:45 combo kernel: Initializing Cryptographic API
[MATCHED: kernel] Jun 10 11:31:45 combo kernel: pci_hotplug: PCI Hot Plug PCI Core version: 0.5
[MATCHED: kernel] Jun 10 11:31:45 combo kernel: isapnp: Scanning for PnP cards...
[MATCHED: sysctl] Jun 10 11:31:41 combo sysctl: kernel.core_uses_pid = 1 
[MATCHED: kernel] Jun 10 11:31:46 combo kernel: isapnp: No Plug & Play device found
[MATCHED: hcid] Jun 10 11:31:46 combo hcid[1708]: HCI daemon ver 2.4 started
[MATCHED: bluetooth] Jun 10 11:31:46 combo bluetooth: hcid startup succeeded
[MATCHED: network] Jun 10 11:31:41 combo network: Setting network parameters:  succeeded 
[MATCHED: kernel] Jun 10 11:31:46 combo kernel: Real Time Clock Driver v1.12
[MATCHED: bluetooth] Jun 10 11:31:46 combo bluetooth: sdpd startup succeeded
[MATCHED: network] Jun 10 11:31:41 combo network: Bringing up loopback interface:  succeeded 
[MATCHED: kernel] Jun 10 11:31:46 combo kernel: Linux agpgart interface v0.100 (c) Dave Jones
[MATCHED: kernel] Jun 10 11:31:46 combo kernel: agpgart: Detected an Intel i810 E Chipset.
[MATCHED: kernel] Jun 10 11:31:46 combo kernel: agpgart: Maximum main memory to use for agp memory: 93M
[MATCHED: kernel] Jun 10 11:31:46 combo kernel: agpgart: detected 4MB dedicated video ram.
[MATCHED: kernel] Jun 10 11:31:46 combo kernel: agpgart: AGP aperture is 64M @ 0xf4000000
[MATCHED: kernel] Jun 10 11:31:46 combo kernel: Serial: 8250/16550 driver $Revision: 1.90 $ 8 ports, IRQ sharing enabled
[MATCHED: kernel] Jun 10 11:31:46 combo kernel: RAMDISK driver initialized: 16 RAM disks of 16384K size 1024 blocksize
[MATCHED: kernel] Jun 10 11:31:46 combo kernel: Uniform Multi-Platform E-IDE driver Revision: 7.00alpha2
[MATCHED: kernel] Jun 10 11:31:46 combo kernel: ide: Assuming 33MHz system bus speed for PIO modes; override with idebus=xx
[MATCHED: kernel] Jun 10 11:31:46 combo kernel: ICH: IDE controller at PCI slot 0000:00:1f.1
[MATCHED: kernel] Jun 10 11:31:46 combo kernel: ICH: chipset revision 2
[MATCHED: kernel] Jun 10 11:31:46 combo kernel:     ide0: BM-DMA at 0xffa0-0xffa7, BIOS settings: hda:DMA, hdb:pio
[MATCHED: kernel] Jun 10 11:31:46 combo kernel:     ide1: BM-DMA at 0xffa8-0xffaf, BIOS settings: hdc:DMA, hdd:pio
[MATCHED: kernel] Jun 10 11:31:46 combo kernel: Using cfq io scheduler
[MATCHED: netfs] Jun 10 11:31:46 combo netfs: Mounting other filesystems:  succeeded
[MATCHED: kernel] Jun 10 11:31:46 combo kernel: ide0 at 0x1f0-0x1f7,0x3f6 on irq 14
[MATCHED: kernel] Jun 10 11:31:47 combo kernel: ide1 at 0x170-0x177,0x376 on irq 15
[MATCHED: kernel] Jun 10 11:31:47 combo kernel: hda: max request size: 128KiB
[MATCHED: kernel] Jun 10 11:31:47 combo kernel: hda: 29336832 sectors (15020 MB) w/1916KiB Cache, CHS=29104/16/63, UDMA(66)
[MATCHED: kernel] Jun 10 11:31:47 combo kernel: Uniform CD-ROM driver Revision: 3.20
[MATCHED: kernel] Jun 10 11:31:47 combo kernel: ide-floppy driver 0.99.newide
[MATCHED: kernel] Jun 10 11:31:47 combo kernel: usbcore: registered new driver hiddev
[MATCHED: apmd] Jun 10 11:31:47 combo apmd[1748]: Version 3.0.2 (APM BIOS 1.2, Linux driver 1.16ac)
[MATCHED: apmd] Jun 10 11:31:47 combo apmd: apmd startup succeeded
[MATCHED: kernel] Jun 10 11:31:47 combo kernel: usbcore: registered new driver hid
[MATCHED: kernel] Jun 10 11:31:47 combo kernel: mice: PS/2 mouse device common for all mice
[MATCHED: kernel] Jun 10 11:31:47 combo kernel: serio: i8042 AUX port at 0x60,0x64 irq 12
[MATCHED: kernel] Jun 10 11:31:47 combo kernel: input: ImPS/2 Logitech Wheel Mouse on isa0060/serio1
[MATCHED: kernel] Jun 10 11:31:47 combo kernel: serio: i8042 KBD port at 0x60,0x64 irq 1
[MATCHED: kernel] Jun 10 11:31:47 combo kernel: input: AT Translated Set 2 keyboard on isa0060/serio0
[MATCHED: kernel] Jun 10 11:31:47 combo kernel: md: md driver 0.90.0 MAX_MD_DEVS=256, MD_SB_DISKS=27
[MATCHED: kernel] Jun 10 11:31:47 combo kernel: NET: Registered protocol family 2
[MATCHED: kernel] Jun 10 11:31:47 combo kernel: IP: routing cache hash table of 512 buckets, 4Kbytes
[MATCHED: kernel] Jun 10 11:31:47 combo kernel: TCP: Hash tables configured (established 8192 bind 16384)
[MATCHED: kernel] Jun 10 11:31:47 combo kernel: Initializing IPsec netlink socket
[MATCHED: kernel] Jun 10 11:31:47 combo kernel: NET: Registered protocol family 1
[MATCHED: kernel] Jun 10 11:31:47 combo kernel: NET: Registered protocol family 17
[MATCHED: autofs] Jun 10 11:31:47 combo autofs: automount startup succeeded
[MATCHED: kernel] Jun 10 11:31:47 combo kernel: checking if image is initramfs...it isn't (no cpio magic); looks like an initrd
[MATCHED: kernel] Jun 10 11:31:47 combo kernel: Freeing initrd memory: 186k freed
[MATCHED: kernel] Jun 10 11:31:47 combo kernel: md: Autodetecting RAID arrays.
[MATCHED: kernel] Jun 10 11:31:47 combo kernel: md: autorun ...
[MATCHED: kernel] Jun 10 11:31:47 combo kernel: RAMDISK: Compressed image found at block 0
[MATCHED: smartd] Jun 10 11:31:47 combo smartd[1786]: Home page is http://smartmontools.sourceforge.net/  
[MATCHED: kernel] Jun 10 11:31:47 combo kernel: VFS: Mounted root (ext2 filesystem).
[MATCHED: smartd] Jun 10 11:31:47 combo smartd[1786]: Opened configuration file /etc/smartd.conf 
[MATCHED: smartd] Jun 10 11:31:47 combo smartd[1786]: Configuration file /etc/smartd.conf parsed. 
[MATCHED: kernel] Jun 10 11:31:47 combo kernel: EXT3-fs: write access will be enabled during recovery.
[MATCHED: smartd] Jun 10 11:31:47 combo smartd[1786]: Device: /dev/hda, opened 
[MATCHED: kernel] Jun 10 11:31:47 combo kernel: kjournald starting.  Commit interval 5 seconds
[MATCHED: smartd] Jun 10 11:31:47 combo smartd[1786]: Device: /dev/hda, found in smartd database. 
[MATCHED: kernel] Jun 10 11:31:47 combo kernel: EXT3-fs: recovery complete.
[MATCHED: smartd] Jun 10 11:31:48 combo smartd[1786]: Device: /dev/hda, is SMART capable. Adding to "monitor" list. 
[MATCHED: kernel] Jun 10 11:31:48 combo kernel: EXT3-fs: mounted filesystem with ordered data mode.
[MATCHED: smartd] Jun 10 11:31:48 combo smartd[1786]: Monitoring 1 ATA and 0 SCSI devices 
[MATCHED: kernel] Jun 10 11:31:48 combo kernel: Freeing unused kernel memory: 144k freed
[MATCHED: apmd] Jun 10 11:31:48 combo apmd[1748]: Charge: * * * (-1% unknown)
[MATCHED: smartd] Jun 10 11:31:48 combo smartd[1788]: smartd has fork()ed into background mode. New PID=1788. 
[MATCHED: smartd] Jun 10 11:31:48 combo smartd: smartd startup succeeded
[MATCHED: kernel] Jun 10 11:31:48 combo kernel: SELinux:  Disabled at runtime.
[MATCHED: kernel] Jun 10 11:31:48 combo kernel: SELinux:  Unregistering netfilter hooks
[MATCHED: kernel] Jun 10 11:31:48 combo kernel: NET: Registered protocol family 10
[MATCHED: kernel] Jun 10 11:31:48 combo kernel: Disabled Privacy Extensions on device 022db720(lo)
[MATCHED: kernel] Jun 10 11:31:48 combo kernel: IPv6 over IPv4 tunneling driver
[MATCHED: kernel] Jun 10 11:31:49 combo kernel: USB Universal Host Controller Interface driver v2.2
[MATCHED: kernel] Jun 10 11:31:49 combo kernel: PCI: Found IRQ 11 for device 0000:00:1f.2
[MATCHED: kernel] Jun 10 11:31:49 combo kernel: uhci_hcd 0000:00:1f.2: UHCI Host Controller
[MATCHED: kernel] Jun 10 11:31:49 combo kernel: uhci_hcd 0000:00:1f.2: irq 11, io base 0000ff80
[MATCHED: kernel] Jun 10 11:31:49 combo kernel: uhci_hcd 0000:00:1f.2: new USB bus registered, assigned bus number 1
[MATCHED: rc] Jun 10 11:31:49 combo rc: Starting hpoj:  succeeded
[MATCHED: kernel] Jun 10 11:31:49 combo kernel: EXT3 FS on hda2, internal journal
[MATCHED: kernel] Jun 10 11:31:49 combo kernel: cdrom: open failed.
[MATCHED: kernel] Jun 10 11:31:50 combo kernel: Adding 262072k swap on /dev/hda3.  Priority:-1 extents:1
[MATCHED: kernel] Jun 10 11:31:50 combo kernel: kjournald starting.  Commit interval 5 seconds
[MATCHED: kernel] Jun 10 11:31:50 combo kernel: EXT3 FS on hda1, internal journal
[MATCHED: kernel] Jun 10 11:31:50 combo kernel: EXT3-fs: mounted filesystem with ordered data mode.
[MATCHED: kernel] Jun 10 11:31:50 combo kernel: microcode: CPU0 already at revision 0x8 (current=0x8)
[MATCHED: kernel] Jun 10 11:31:51 combo kernel: microcode: No suitable data for cpu 0
[MATCHED: kernel] Jun 10 11:31:51 combo kernel: parport0: PC-style at 0x378 (0x778) [PCSPP,TRISTATE,EPP]
[MATCHED: kernel] Jun 10 11:31:51 combo kernel: parport0: irq 7 detected
[MATCHED: kernel] Jun 10 11:31:51 combo kernel: SCSI subsystem initialized
[MATCHED: kernel] Jun 10 11:31:51 combo kernel: inserting floppy driver for 2.6.5-1.358
[MATCHED: kernel] Jun 10 11:31:51 combo kernel: Floppy drive(s): fd0 is 1.44M
[MATCHED: kernel] Jun 10 11:31:52 combo kernel: FDC 0 is a National Semiconductor PC87306
[MATCHED: kernel] Jun 10 11:31:52 combo kernel: PCI: Found IRQ 5 for device 0000:01:0c.0
[MATCHED: kernel] Jun 10 11:31:52 combo kernel: 3c59x: Donald Becker and others. www.scyld.com/network/vortex.html
[MATCHED: kernel] Jun 10 11:31:52 combo kernel: ip_tables: (C) 2000-2002 Netfilter core team
[MATCHED: kernel] Jun 10 11:31:53 combo kernel: PCI: Found IRQ 5 for device 0000:01:0c.0
[MATCHED: kernel] Jun 10 11:31:53 combo kernel: 3c59x: Donald Becker and others. www.scyld.com/network/vortex.html
[MATCHED: kernel] Jun 10 11:31:54 combo kernel: ip_tables: (C) 2000-2002 Netfilter core team
[MATCHED: kernel] Jun 10 11:31:54 combo kernel: process `syslogd' is using obsolete setsockopt SO_BSDCOMPAT
[MATCHED: kernel] Jun 10 11:31:54 combo kernel: Bluetooth: Core ver 2.4
[MATCHED: kernel] Jun 10 11:31:54 combo kernel: NET: Registered protocol family 31
[MATCHED: kernel] Jun 10 11:31:54 combo kernel: Bluetooth: HCI device and connection manager initialized
[MATCHED: kernel] Jun 10 11:31:54 combo kernel: Bluetooth: HCI socket layer initialized
[MATCHED: kernel] Jun 10 11:31:55 combo kernel: Bluetooth: L2CAP ver 2.1
[MATCHED: kernel] Jun 10 11:31:55 combo kernel: Bluetooth: RFCOMM ver 1.2
[MATCHED: kernel] Jun 10 11:31:55 combo kernel: Bluetooth: RFCOMM socket layer initialized
[MATCHED: kernel] Jun 10 11:31:55 combo kernel: Bluetooth: RFCOMM TTY layer initialized
[MATCHED: kernel] Jun 10 11:31:58 combo kernel: parport0: PC-style at 0x378 (0x778) [PCSPP,TRISTATE,EPP]
[MATCHED: kernel] Jun 10 11:31:58 combo kernel: parport0: irq 7 detected
[MATCHED: cups] Jun 10 11:32:00 combo cups: cupsd startup succeeded
[MATCHED: sendmail] Jun 10 11:32:01 combo sendmail: sendmail startup succeeded
[MATCHED: sendmail] Jun 10 11:32:01 combo sendmail: sm-client startup succeeded
[MATCHED: spamassassin] Jun 10 11:32:05 combo spamassassin: spamd startup succeeded
[MATCHED: privoxy] Jun 10 11:32:05 combo privoxy: Jun 10 11:32:05 Privoxy(-150769536) Info: loading configuration file '/etc/privoxy/config':
[MATCHED: privoxy] Jun 10 11:32:06 combo privoxy: privoxy startup succeeded
[MATCHED: gpm] Jun 10 11:32:06 combo gpm[2094]: *** info [startup.c(95)]: 
[MATCHED: gpm] Jun 10 11:32:06 combo gpm[2094]: Started gpm successfully. Entered daemon mode.
[MATCHED: gpm] Jun 10 11:32:07 combo gpm[2094]: *** info [mice.c(1766)]: 
[MATCHED: gpm] Jun 10 11:32:07 combo gpm[2094]: imps2: Auto-detected intellimouse PS/2
[MATCHED: gpm] Jun 10 11:32:07 combo gpm: gpm startup succeeded
[MATCHED: IIim] Jun 10 11:32:07 combo IIim: htt startup succeeded
[MATCHED: udev] Jun 10 11:32:08 combo udev[2118]: creating device node '/udev/lp0'
[MATCHED: htt] Jun 10 11:32:09 combo htt_server[2106]: started.
[MATCHED: canna] Jun 10 11:32:10 combo canna:  succeeded
[MATCHED: crond] Jun 10 11:32:10 combo crond: crond startup succeeded
[MATCHED: xfs] Jun 10 11:32:12 combo xfs: xfs startup succeeded
[MATCHED: anacron] Jun 10 11:32:12 combo anacron: anacron startup succeeded
[MATCHED: atd] Jun 10 11:32:12 combo atd: atd startup succeeded
[MATCHED: readahead] Jun 10 11:32:12 combo readahead: Starting background readahead: 
[MATCHED: rc] Jun 10 11:32:13 combo rc: Starting readahead:  succeeded
[MATCHED: messagebus] Jun 10 11:32:14 combo messagebus: messagebus startup succeeded
[MATCHED: httpd] Jun 10 11:32:26 combo httpd: httpd startup succeeded
[MATCHED: squid] Jun 10 11:32:28 combo squid[2292]: Squid Parent: child process 2295 started
[MATCHED: named] Jun 10 15:32:33 combo named[2306]: starting BIND 9.2.3 -u named -t /var/named/chroot
[MATCHED: named] Jun 10 15:32:33 combo named[2306]: using 1 CPU
[MATCHED: named] Jun 10 11:32:34 combo named: named startup succeeded
[MATCHED: named] Jun 10 15:32:34 combo named[2306]: loading configuration from '/etc/named.conf'
[MATCHED: named] Jun 10 15:32:34 combo named[2306]: listening on IPv4 interface lo, 127.0.0.1#53
[MATCHED: named] Jun 10 15:32:34 combo named[2306]: listening on IPv4 interface eth0, 63.126.79.67#53
[MATCHED: named] Jun 10 15:32:34 combo named[2306]: listening on IPv4 interface eth0:1, 63.126.79.69#53
[MATCHED: named] Jun 10 15:32:34 combo named[2306]: listening on IPv4 interface eth0:2, 63.126.79.70#53
[MATCHED: named] Jun 10 15:32:34 combo named[2306]: listening on IPv4 interface eth0:3, 63.126.79.71#53
[MATCHED: named] Jun 10 15:32:34 combo named[2306]: listening on IPv4 interface eth0:4, 63.126.79.72#53
[MATCHED: named] Jun 10 15:32:34 combo named[2306]: listening on IPv4 interface eth0:5, 63.126.79.73#53
[MATCHED: named] Jun 10 15:32:34 combo named[2306]: listening on IPv4 interface eth0:6, 63.126.79.75#53
[MATCHED: named] Jun 10 15:32:34 combo named[2306]: listening on IPv4 interface eth0:7, 63.126.79.80#53
[MATCHED: named] Jun 10 15:32:34 combo named[2306]: listening on IPv4 interface eth0:8, 63.126.79.81#53
[MATCHED: named] Jun 10 15:32:34 combo named[2306]: listening on IPv4 interface eth0:9, 63.126.79.82#53
[MATCHED: named] Jun 10 15:32:35 combo named[2306]: listening on IPv4 interface eth0:10, 63.126.79.83#53
[MATCHED: named] Jun 10 15:32:35 combo named[2306]: listening on IPv4 interface eth0:11, 63.126.79.84#53
[MATCHED: named] Jun 10 15:32:36 combo named[2306]: listening on IPv4 interface eth0:12, 63.126.79.85#53
[MATCHED: named] Jun 10 15:32:37 combo named[2306]: listening on IPv4 interface eth0:13, 63.126.79.87#53
[MATCHED: ntpd] Jun 10 11:32:37 combo ntpd: ntpd startup succeeded
[MATCHED: named] Jun 10 15:32:38 combo named[2306]: listening on IPv4 interface eth0:14, 63.126.79.89#53
[MATCHED: ntpd] Jun 10 11:32:39 combo ntpd[2327]: precision = 2.000 usec
[MATCHED: named] Jun 10 15:32:40 combo named[2306]: listening on IPv4 interface eth0:15, 63.126.79.90#53
[MATCHED: ntpd] Jun 10 11:32:40 combo ntpd[2327]: kernel time sync status 0040
[MATCHED: named] Jun 10 15:32:40 combo named[2306]: listening on IPv4 interface eth0:16, 63.126.79.95#53
[MATCHED: ntpd] Jun 10 11:32:41 combo ntpd[2327]: frequency initialized 0.000 PPM from /var/lib/ntp/drift
[MATCHED: named] Jun 10 15:32:41 combo named[2306]: listening on IPv4 interface eth0:17, 63.126.79.100#53
[MATCHED: ntpd] Jun 10 11:32:42 combo ntpd[2327]: configure: keyword "authenticate" unknown, line ignored
[MATCHED: named] Jun 10 15:32:42 combo named[2306]: listening on IPv4 interface eth0:18, 63.126.79.105#53
[MATCHED: named] Jun 10 15:32:43 combo named[2306]: listening on IPv4 interface eth0:19, 63.126.79.110#53
[MATCHED: named] Jun 10 15:32:43 combo named[2306]: listening on IPv4 interface eth0:20, 63.126.79.115#53
[MATCHED: named] Jun 10 15:32:44 combo named[2306]: listening on IPv4 interface eth0:21, 63.126.79.120#53
[MATCHED: named] Jun 10 15:32:45 combo named[2306]: listening on IPv4 interface eth0:22, 63.126.79.125#53
[MATCHED: named] Jun 10 15:32:45 combo named[2306]: couldn't add command channel 127.0.0.1#953: not found
[MATCHED: named] Jun 10 15:32:45 combo named[2306]: couldn't add command channel ::1#953: not found
[MATCHED: mysqld] Jun 10 11:32:45 combo mysqld: Starting MySQL:  succeeded
[MATCHED: named] Jun 10 15:32:46 combo named[2306]: running
[MATCHED: rsyncd] Jun 10 11:32:46 combo rsyncd[2394]: rsyncd version 2.6.2 starting, listening on port 873 
[MATCHED: udev] Jun 10 11:32:48 combo udev[2517]: creating device node '/udev/vcs4'
[MATCHED: udev] Jun 10 11:32:48 combo udev[2524]: creating device node '/udev/vcsa4'
[MATCHED: udev] Jun 10 11:32:48 combo udev[2516]: creating device node '/udev/vcs5'
[MATCHED: udev] Jun 10 11:32:48 combo udev[2518]: creating device node '/udev/vcsa5'
[MATCHED: udev] Jun 10 11:32:48 combo udev[2580]: creating device node '/udev/vcs3'
[MATCHED: udev] Jun 10 11:32:48 combo udev[2581]: creating device node '/udev/vcsa3'
[MATCHED: udev] Jun 10 11:32:48 combo udev[2582]: creating device node '/udev/vcs2'
[MATCHED: udev] Jun 10 11:32:48 combo udev[2583]: creating device node '/udev/vcsa2'
[MATCHED: udev] Jun 10 11:32:49 combo udev[2652]: removing device node '/udev/vcsa3'
[MATCHED: udev] Jun 10 11:32:49 combo udev[2650]: removing device node '/udev/vcsa5'
[MATCHED: udev] Jun 10 11:32:49 combo udev[2648]: removing device node '/udev/vcsa4'
[MATCHED: udev] Jun 10 11:32:49 combo udev[2649]: removing device node '/udev/vcs4'
[MATCHED: udev] Jun 10 11:32:49 combo udev[2647]: removing device node '/udev/vcs5'
[MATCHED: udev] Jun 10 11:32:49 combo udev[2651]: removing device node '/udev/vcs3'
[MATCHED: udev] Jun 10 11:32:49 combo udev[2681]: removing device node '/udev/vcs2'
[MATCHED: udev] Jun 10 11:32:49 combo udev[2693]: removing device node '/udev/vcsa2'
[MATCHED: udev] Jun 10 11:32:49 combo udev[2590]: creating device node '/udev/vcs6'
[MATCHED: udev] Jun 10 11:32:49 combo udev[2597]: creating device node '/udev/vcsa6'
[MATCHED: udev] Jun 10 11:32:49 combo udev[2699]: creating device node '/udev/vcsa3'
[MATCHED: udev] Jun 10 11:32:49 combo udev[2701]: creating device node '/udev/vcsa5'
[MATCHED: udev] Jun 10 11:32:50 combo udev[2706]: creating device node '/udev/vcsa4'
[MATCHED: udev] Jun 10 11:32:50 combo udev[2719]: creating device node '/udev/vcs4'
[MATCHED: udev] Jun 10 11:32:50 combo udev[2722]: creating device node '/udev/vcs5'
[MATCHED: udev] Jun 10 11:32:50 combo udev[2724]: creating device node '/udev/vcs3'
[MATCHED: udev] Jun 10 11:32:50 combo udev[2729]: creating device node '/udev/vcs2'
[MATCHED: udev] Jun 10 11:32:50 combo udev[2736]: creating device node '/udev/vcsa2'
[MATCHED: udev] Jun 10 11:32:50 combo udev[2746]: removing device node '/udev/vcs6'
[MATCHED: udev] Jun 10 11:32:51 combo udev[2755]: removing device node '/udev/vcsa6'
[MATCHED: udev] Jun 10 11:32:52 combo udev[2792]: creating device node '/udev/vcs6'
[MATCHED: udev] Jun 10 11:32:52 combo udev[2793]: creating device node '/udev/vcsa6'
[MATCHED: udev] Jun 10 11:32:54 combo udev[2817]: creating device node '/udev/vcs7'
[MATCHED: udev] Jun 10 11:32:54 combo udev[2818]: creating device node '/udev/vcsa7'
[MATCHED: udev] Jun 10 11:32:55 combo udev[2833]: removing device node '/udev/vcs7'
[MATCHED: udev] Jun 10 11:32:55 combo udev[2844]: removing device node '/udev/vcsa7'
[MATCHED: udev] Jun 10 11:32:58 combo udev[2862]: creating device node '/udev/vcsa7'
[MATCHED: udev] Jun 10 11:32:58 combo udev[2855]: creating device node '/udev/vcs7'
[MATCHED: ntpd] Jun 10 11:35:57 combo ntpd[2327]: synchronized to LOCAL(0), stratum=10
[MATCHED: ntpd] Jun 10 11:35:57 combo ntpd[2327]: kernel time sync disabled 0041
[MATCHED: ntpd] Jun 10 11:37:02 combo ntpd[2327]: kernel time sync enabled 0001
[MATCHED: logrotate] Jun 11 04:03:20 combo logrotate: ALERT exited abnormally with [1]
[MATCHED: cups] Jun 12 04:04:09 combo cups: cupsd shutdown succeeded
[MATCHED: cups] Jun 12 04:04:15 combo cups: cupsd startup succeeded
[MATCHED: syslog] Jun 12 04:04:19 combo syslogd 1.4.1: restart.
[MATCHED: logrotate] Jun 12 04:04:19 combo logrotate: ALERT exited abnormally with [1]
[MATCHED: logrotate] Jun 13 04:03:09 combo logrotate: ALERT exited abnormally with [1]
[MATCHED: logrotate] Jun 14 04:07:37 combo logrotate: ALERT exited abnormally with [1]
[MATCHED: logrotate] Jun 15 04:06:20 combo logrotate: ALERT exited abnormally with [1]
[MATCHED: logrotate] Jun 16 04:10:24 combo logrotate: ALERT exited abnormally with [1]
[MATCHED: logrotate] Jun 17 04:03:36 combo logrotate: ALERT exited abnormally with [1]
[MATCHED: logrotate] Jun 18 04:07:06 combo logrotate: ALERT exited abnormally with [1]
[MATCHED: cups] Jun 19 04:08:57 combo cups: cupsd shutdown succeeded
[MATCHED: cups] Jun 19 04:09:02 combo cups: cupsd startup succeeded
[MATCHED: syslog] Jun 19 04:09:11 combo syslogd 1.4.1: restart.
[MATCHED: logrotate] Jun 19 04:09:11 combo logrotate: ALERT exited abnormally with [1]
[MATCHED: logrotate] Jun 20 04:02:55 combo logrotate: ALERT exited abnormally with [1]
[MATCHED: logrotate] Jun 21 04:06:59 combo logrotate: ALERT exited abnormally with [1]
[MATCHED: logrotate] Jun 22 04:06:00 combo logrotate: ALERT exited abnormally with [1]
[MATCHED: logrotate] Jun 23 04:05:30 combo logrotate: ALERT exited abnormally with [1]
[MATCHED: logrotate] Jun 24 04:05:35 combo logrotate: ALERT exited abnormally with [1]
[MATCHED: logrotate] Jun 25 04:04:26 combo logrotate: ALERT exited abnormally with [1]
[MATCHED: cups] Jun 26 04:04:19 combo cups: cupsd shutdown succeeded
[MATCHED: cups] Jun 26 04:04:24 combo cups: cupsd startup succeeded
[MATCHED: syslog] Jun 26 04:04:31 combo syslogd 1.4.1: restart.
[MATCHED: logrotate] Jun 26 04:04:31 combo logrotate: ALERT exited abnormally with [1]
[MATCHED: logrotate] Jun 27 04:02:49 combo logrotate: ALERT exited abnormally with [1]
[MATCHED: logrotate] Jun 28 04:03:17 combo logrotate: ALERT exited abnormally with [1]
[MATCHED: logrotate] Jun 29 04:03:12 combo logrotate: ALERT exited abnormally with [1]
[MATCHED: logrotate] Jun 30 04:03:43 combo logrotate: ALERT exited abnormally with [1]
[MATCHED: logrotate] Jul  1 04:05:19 combo logrotate: ALERT exited abnormally with [1]
[MATCHED: logrotate] Jul  2 04:04:03 combo logrotate: ALERT exited abnormally with [1]
[MATCHED: cups] Jul  3 04:07:49 combo cups: cupsd shutdown succeeded
[MATCHED: cups] Jul  3 04:07:55 combo cups: cupsd startup succeeded
[MATCHED: syslog] Jul  3 04:08:03 combo syslogd 1.4.1: restart.
[MATCHED: logrotate] Jul  3 04:08:03 combo logrotate: ALERT exited abnormally with [1]
[MATCHED: logrotate] Jul  4 04:03:08 combo logrotate: ALERT exited abnormally with [1]
[MATCHED: logrotate] Jul  5 04:03:18 combo logrotate: ALERT exited abnormally with [1]
[MATCHED: logrotate] Jul  6 04:03:10 combo logrotate: ALERT exited abnormally with [1]
[MATCHED: logrotate] Jul  7 04:04:33 combo logrotate: ALERT exited abnormally with [1]
[MATCHED: gpm] Jul  7 08:06:12 combo gpm[2094]: *** info [mice.c(1766)]: 
[MATCHED: gpm] Jul  7 08:06:12 combo gpm[2094]: imps2: Auto-detected intellimouse PS/2
[MATCHED: udev] Jul  7 08:09:11 combo udev[12754]: removing device node '/udev/vcsa2'
[MATCHED: udev] Jul  7 08:09:11 combo udev[12753]: removing device node '/udev/vcs2'
[MATCHED: udev] Jul  7 08:09:11 combo udev[12777]: creating device node '/udev/vcs2'
[MATCHED: udev] Jul  7 08:09:11 combo udev[12778]: creating device node '/udev/vcsa2'
[MATCHED: udev] Jul  7 08:09:11 combo udev[12786]: removing device node '/udev/vcs2'
[MATCHED: udev] Jul  7 08:09:11 combo udev[12790]: removing device node '/udev/vcsa2'
[MATCHED: udev] Jul  7 08:09:11 combo udev[12795]: creating device node '/udev/vcs2'
[MATCHED: udev] Jul  7 08:09:11 combo udev[12798]: creating device node '/udev/vcsa2'
[MATCHED: logrotate] Jul  8 04:04:20 combo logrotate: ALERT exited abnormally with [1]
[MATCHED: logrotate] Jul  9 04:04:25 combo logrotate: ALERT exited abnormally with [1]
[MATCHED: cups] Jul 10 04:04:33 combo cups: cupsd shutdown succeeded
[MATCHED: cups] Jul 10 04:04:39 combo cups: cupsd startup succeeded
[MATCHED: syslog] Jul 10 04:04:46 combo syslogd 1.4.1: restart.
[MATCHED: logrotate] Jul 10 04:04:46 combo logrotate: ALERT exited abnormally with [1]
[MATCHED: logrotate] Jul 11 04:03:05 combo logrotate: ALERT exited abnormally with [1]
[MATCHED: logrotate] Jul 12 04:03:42 combo logrotate: ALERT exited abnormally with [1]
[MATCHED: logrotate] Jul 13 04:04:45 combo logrotate: ALERT exited abnormally with [1]
[MATCHED: logrotate] Jul 14 04:08:25 combo logrotate: ALERT exited abnormally with [1]
[MATCHED: logrotate] Jul 15 04:05:03 combo logrotate: ALERT exited abnormally with [1]
[MATCHED: logrotate] Jul 16 04:07:34 combo logrotate: ALERT exited abnormally with [1]
[MATCHED: cups] Jul 17 04:08:10 combo cups: cupsd shutdown succeeded
[MATCHED: cups] Jul 17 04:08:16 combo cups: cupsd startup succeeded
[MATCHED: syslog] Jul 17 04:08:23 combo syslogd 1.4.1: restart.
[MATCHED: logrotate] Jul 17 04:08:23 combo logrotate: ALERT exited abnormally with [1]
[MATCHED: logrotate] Jul 18 04:03:25 combo logrotate: ALERT exited abnormally with [1]
[MATCHED: logrotate] Jul 19 04:03:45 combo logrotate: ALERT exited abnormally with [1]
[MATCHED: logrotate] Jul 20 04:05:04 combo logrotate: ALERT exited abnormally with [1]
[MATCHED: logrotate] Jul 21 04:11:28 combo logrotate: ALERT exited abnormally with [1]
[MATCHED: logrotate] Jul 22 04:07:47 combo logrotate: ALERT exited abnormally with [1]
[MATCHED: logrotate] Jul 23 04:09:37 combo logrotate: ALERT exited abnormally with [1]
[MATCHED: cups] Jul 24 04:20:21 combo cups: cupsd shutdown succeeded
[MATCHED: cups] Jul 24 04:20:26 combo cups: cupsd startup succeeded
[MATCHED: syslog] Jul 24 04:20:42 combo syslogd 1.4.1: restart.
[MATCHED: logrotate] Jul 24 04:20:42 combo logrotate: ALERT exited abnormally with [1]
[MATCHED: logrotate] Jul 25 04:04:00 combo logrotate: ALERT exited abnormally with [1]
[MATCHED: named] Jul 25 12:09:06 combo named[2306]: notify question section contains no SOA
[MATCHED: named] Jul 25 12:18:50 combo named[2306]: notify question section contains no SOA
[MATCHED: named] Jul 25 12:27:05 combo named[2306]: notify question section contains no SOA
[MATCHED: named] Jul 25 12:35:24 combo named[2306]: notify question section contains no SOA
[MATCHED: named] Jul 25 12:54:46 combo named[2306]: notify question section contains no SOA
[MATCHED: named] Jul 25 13:33:41 combo named[2306]: notify question section contains no SOA
[MATCHED: named] Jul 25 13:41:34 combo named[2306]: notify question section contains no SOA
[MATCHED: named] Jul 25 13:50:24 combo named[2306]: notify question section contains no SOA
[MATCHED: named] Jul 25 14:00:03 combo named[2306]: notify question section contains no SOA
[MATCHED: named] Jul 25 14:08:28 combo named[2306]: notify question section contains no SOA
[MATCHED: named] Jul 25 14:17:19 combo named[2306]: notify question section contains no SOA
[MATCHED: named] Jul 25 14:33:46 combo named[2306]: notify question section contains no SOA
[MATCHED: named] Jul 25 14:48:30 combo named[2306]: notify question section contains no SOA
[MATCHED: named] Jul 25 14:56:13 combo named[2306]: notify question section contains no SOA
[MATCHED: named] Jul 25 15:50:04 combo named[2306]: notify question section contains no SOA
[MATCHED: named] Jul 25 16:29:20 combo named[2306]: notify question section contains no SOA
[MATCHED: logrotate] Jul 26 04:05:24 combo logrotate: ALERT exited abnormally with [1]
[MATCHED: logrotate] Jul 27 04:16:09 combo logrotate: ALERT exited abnormally with [1]
[MATCHED: syslog] Jul 27 14:41:57 combo syslogd 1.4.1: restart.
[MATCHED: syslog] Jul 27 14:41:57 combo syslog: syslogd startup succeeded
[MATCHED: kernel] Jul 27 14:41:57 combo kernel: klogd 1.4.1, log source = /proc/kmsg started.
[MATCHED: kernel] Jul 27 14:41:57 combo kernel: Linux version 2.6.5-1.358 (bhcompile@bugs.build.redhat.com) (gcc version 3.3.3 20040412 (Red Hat Linux 3.3.3-7)) #1 Sat May 8 09:04:50 EDT 2004
[MATCHED: kernel] Jul 27 14:41:57 combo kernel: BIOS-provided physical RAM map:
[MATCHED: kernel] Jul 27 14:41:57 combo kernel:  BIOS-e820: 0000000000000000 - 00000000000a0000 (usable)
[MATCHED: kernel] Jul 27 14:41:57 combo kernel:  BIOS-e820: 00000000000f0000 - 0000000000100000 (reserved)
[MATCHED: kernel] Jul 27 14:41:57 combo kernel:  BIOS-e820: 0000000000100000 - 0000000007eae000 (usable)
[MATCHED: kernel] Jul 27 14:41:57 combo kernel:  BIOS-e820: 0000000007eae000 - 0000000008000000 (reserved)
[MATCHED: kernel] Jul 27 14:41:57 combo kernel:  BIOS-e820: 00000000ffb00000 - 0000000100000000 (reserved)
[MATCHED: kernel] Jul 27 14:41:57 combo kernel: 126MB LOWMEM available.
[MATCHED: kernel] Jul 27 14:41:57 combo kernel: zapping low mappings.
[MATCHED: syslog] Jul 27 14:41:57 combo syslog: klogd startup succeeded
[MATCHED: kernel] Jul 27 14:41:57 combo kernel: On node 0 totalpages: 32430
[MATCHED: kernel] Jul 27 14:41:57 combo kernel:   DMA zone: 4096 pages, LIFO batch:1
[MATCHED: kernel] Jul 27 14:41:57 combo kernel:   Normal zone: 28334 pages, LIFO batch:6
[MATCHED: irqbalance] Jul 27 14:41:57 combo irqbalance: irqbalance startup succeeded
[MATCHED: kernel] Jul 27 14:41:57 combo kernel:   HighMem zone: 0 pages, LIFO batch:1
[MATCHED: kernel] Jul 27 14:41:57 combo kernel: DMI 2.3 present.
[MATCHED: kernel] Jul 27 14:41:57 combo kernel: ACPI disabled because your bios is from 2000 and too old
[MATCHED: kernel] Jul 27 14:41:57 combo kernel: You can enable it with acpi=force
[MATCHED: kernel] Jul 27 14:41:57 combo kernel: Built 1 zonelists
[MATCHED: kernel] Jul 27 14:41:57 combo kernel: Kernel command line: ro root=LABEL=/ rhgb quiet
[MATCHED: kernel] Jul 27 14:41:57 combo kernel: mapped 4G/4G trampoline to ffff3000.
[MATCHED: kernel] Jul 27 14:41:57 combo kernel: Initializing CPU#0
[MATCHED: kernel] Jul 27 14:41:57 combo kernel: CPU 0 irqstacks, hard=02345000 soft=02344000
[MATCHED: portmap] Jul 27 14:41:57 combo portmap: portmap startup succeeded
[MATCHED: kernel] Jul 27 14:41:57 combo kernel: PID hash table entries: 512 (order 9: 4096 bytes)
[MATCHED: kernel] Jul 27 14:41:57 combo kernel: Detected 731.219 MHz processor.
[MATCHED: rpc.statd] Jul 27 14:41:57 combo rpc.statd[1618]: Version 1.0.6 Starting
[MATCHED: kernel] Jul 27 14:41:57 combo kernel: Using tsc for high-res timesource
[MATCHED: nfslock] Jul 27 14:41:58 combo nfslock: rpc.statd startup succeeded
[MATCHED: kernel] Jul 27 14:41:58 combo kernel: Console: colour VGA+ 80x25
[MATCHED: kernel] Jul 27 14:41:58 combo kernel: Memory: 125312k/129720k available (1540k kernel code, 3860k reserved, 599k data, 144k init, 0k highmem)
[MATCHED: kernel] Jul 27 14:41:58 combo kernel: Calibrating delay loop... 1445.88 BogoMIPS
[MATCHED: kernel] Jul 27 14:41:58 combo kernel: Security Scaffold v1.0.0 initialized
[MATCHED: kernel] Jul 27 14:41:58 combo kernel: SELinux:  Initializing.
[MATCHED: kernel] Jul 27 14:41:58 combo kernel: SELinux:  Starting in permissive mode
[MATCHED: kernel] Jul 27 14:41:58 combo kernel: There is already a security framework initialized, register_security failed.
[MATCHED: kernel] Jul 27 14:41:58 combo kernel: Failure registering capabilities with the kernel
[MATCHED: kernel] Jul 27 14:41:58 combo kernel: selinux_register_security:  Registering secondary module capability
[MATCHED: kernel] Jul 27 14:41:58 combo kernel: Capability LSM initialized
[MATCHED: rpcidmapd] Jul 27 14:41:58 combo rpcidmapd: rpc.idmapd startup succeeded
[MATCHED: kernel] Jul 27 14:41:58 combo kernel: Dentry cache hash table entries: 16384 (order: 4, 65536 bytes)
[MATCHED: kernel] Jul 27 14:41:58 combo kernel: Inode-cache hash table entries: 8192 (order: 3, 32768 bytes)
[MATCHED: kernel] Jul 27 14:41:58 combo kernel: Mount-cache hash table entries: 512 (order: 0, 4096 bytes)
[MATCHED: kernel] Jul 27 14:41:58 combo kernel: CPU: L1 I cache: 16K, L1 D cache: 16K
[MATCHED: kernel] Jul 27 14:41:58 combo kernel: CPU: L2 cache: 256K
[MATCHED: kernel] Jul 27 14:41:58 combo kernel: Intel machine check architecture supported.
[MATCHED: kernel] Jul 27 14:41:58 combo kernel: CPU: Intel Pentium III (Coppermine) stepping 06
[MATCHED: kernel] Jul 27 14:41:58 combo kernel: Enabling fast FPU save and restore... done.
[MATCHED: kernel] Jul 27 14:41:58 combo kernel: Enabling unmasked SIMD FPU exception support... done.
[MATCHED: kernel] Jul 27 14:41:58 combo kernel: Checking 'hlt' instruction... OK.
[MATCHED: random] Jul 27 14:41:58 combo random: Initializing random number generator:  succeeded
[MATCHED: kernel] Jul 27 14:41:58 combo kernel: POSIX conformance testing by UNIFIX
[MATCHED: kernel] Jul 27 14:41:58 combo kernel: NET: Registered protocol family 16
[MATCHED: kernel] Jul 27 14:41:58 combo kernel: PCI: PCI BIOS revision 2.10 entry at 0xfc0ce, last bus=1
[MATCHED: kernel] Jul 27 14:41:58 combo kernel: PCI: Using configuration type 1
[MATCHED: kernel] Jul 27 14:41:58 combo kernel: ACPI: Subsystem revision 20040326
[MATCHED: kernel] Jul 27 14:41:58 combo kernel: ACPI: Interpreter disabled.
[MATCHED: kernel] Jul 27 14:41:58 combo kernel: Linux Plug and Play Support v0.97 (c) Adam Belay
[MATCHED: rc] Jul 27 14:41:58 combo rc: Starting pcmcia:  succeeded
[MATCHED: kernel] Jul 27 14:41:58 combo kernel: usbcore: registered new driver usbfs
[MATCHED: kernel] Jul 27 14:41:58 combo kernel: usbcore: registered new driver hub
[MATCHED: kernel] Jul 27 14:41:58 combo kernel: ACPI: ACPI tables contain no PCI IRQ routing entries
[MATCHED: kernel] Jul 27 14:41:59 combo kernel: PCI: Invalid ACPI-PCI IRQ routing table
[MATCHED: kernel] Jul 27 14:41:59 combo kernel: PCI: Probing PCI hardware
[MATCHED: kernel] Jul 27 14:41:59 combo kernel: PCI: Probing PCI hardware (bus 00)
[MATCHED: kernel] Jul 27 14:41:59 combo kernel: Transparent bridge - 0000:00:1e.0
[MATCHED: kernel] Jul 27 14:41:59 combo kernel: PCI: Using IRQ router PIIX/ICH [8086/2410] at 0000:00:1f.0
[MATCHED: kernel] Jul 27 14:41:59 combo kernel: apm: BIOS version 1.2 Flags 0x03 (Driver version 1.16ac)
[MATCHED: kernel] Jul 27 14:41:59 combo kernel: audit: initializing netlink socket (disabled)
[MATCHED: sysctl] Jul 27 14:41:54 combo sysctl: kernel.core_uses_pid = 1 
[MATCHED: hcid] Jul 27 14:41:59 combo hcid[1690]: HCI daemon ver 2.4 started
[MATCHED: bluetooth] Jul 27 14:41:59 combo bluetooth: hcid startup succeeded
[MATCHED: kernel] Jul 27 14:41:59 combo kernel: audit(1122475266.4294965305:0): initialized
[MATCHED: network] Jul 27 14:41:54 combo network: Setting network parameters:  succeeded 
[MATCHED: bluetooth] Jul 27 14:41:59 combo bluetooth: sdpd startup succeeded
[MATCHED: kernel] Jul 27 14:41:59 combo kernel: Total HugeTLB memory allocated, 0
[MATCHED: network] Jul 27 14:41:54 combo network: Bringing up loopback interface:  succeeded 
[MATCHED: kernel] Jul 27 14:41:59 combo kernel: VFS: Disk quotas dquot_6.5.1
[MATCHED: kernel] Jul 27 14:41:59 combo kernel: Dquot-cache hash table entries: 1024 (order 0, 4096 bytes)
[MATCHED: kernel] Jul 27 14:41:59 combo kernel: SELinux:  Registering netfilter hooks
[MATCHED: kernel] Jul 27 14:41:59 combo kernel: Initializing Cryptographic API
[MATCHED: kernel] Jul 27 14:41:59 combo kernel: pci_hotplug: PCI Hot Plug PCI Core version: 0.5
[MATCHED: kernel] Jul 27 14:42:00 combo kernel: isapnp: Scanning for PnP cards...
[MATCHED: kernel] Jul 27 14:42:00 combo kernel: isapnp: No Plug & Play device found
[MATCHED: kernel] Jul 27 14:42:00 combo kernel: Real Time Clock Driver v1.12
[MATCHED: kernel] Jul 27 14:42:00 combo kernel: Linux agpgart interface v0.100 (c) Dave Jones
[MATCHED: kernel] Jul 27 14:42:00 combo kernel: agpgart: Detected an Intel i810 E Chipset.
[MATCHED: kernel] Jul 27 14:42:00 combo kernel: agpgart: Maximum main memory to use for agp memory: 93M
[MATCHED: kernel] Jul 27 14:42:00 combo kernel: agpgart: detected 4MB dedicated video ram.
[MATCHED: kernel] Jul 27 14:42:00 combo kernel: agpgart: AGP aperture is 64M @ 0xf4000000
[MATCHED: kernel] Jul 27 14:42:00 combo kernel: Serial: 8250/16550 driver $Revision: 1.90 $ 8 ports, IRQ sharing enabled
[MATCHED: netfs] Jul 27 14:42:00 combo netfs: Mounting other filesystems:  succeeded
[MATCHED: kernel] Jul 27 14:42:00 combo kernel: RAMDISK driver initialized: 16 RAM disks of 16384K size 1024 blocksize
[MATCHED: kernel] Jul 27 14:42:00 combo kernel: Uniform Multi-Platform E-IDE driver Revision: 7.00alpha2
[MATCHED: kernel] Jul 27 14:42:00 combo kernel: ide: Assuming 33MHz system bus speed for PIO modes; override with idebus=xx
[MATCHED: kernel] Jul 27 14:42:00 combo kernel: ICH: IDE controller at PCI slot 0000:00:1f.1
[MATCHED: kernel] Jul 27 14:42:00 combo kernel: ICH: chipset revision 2
[MATCHED: kernel] Jul 27 14:42:00 combo kernel:     ide0: BM-DMA at 0xffa0-0xffa7, BIOS settings: hda:DMA, hdb:pio
[MATCHED: kernel] Jul 27 14:42:00 combo kernel:     ide1: BM-DMA at 0xffa8-0xffaf, BIOS settings: hdc:DMA, hdd:pio
[MATCHED: apmd] Jul 27 14:42:00 combo apmd[1730]: Version 3.0.2 (APM BIOS 1.2, Linux driver 1.16ac)
[MATCHED: apmd] Jul 27 14:42:00 combo apmd: apmd startup succeeded
[MATCHED: kernel] Jul 27 14:42:00 combo kernel: Using cfq io scheduler
[MATCHED: kernel] Jul 27 14:42:00 combo kernel: ide0 at 0x1f0-0x1f7,0x3f6 on irq 14
[MATCHED: kernel] Jul 27 14:42:00 combo kernel: ide1 at 0x170-0x177,0x376 on irq 15
[MATCHED: kernel] Jul 27 14:42:00 combo kernel: hda: max request size: 128KiB
[MATCHED: kernel] Jul 27 14:42:00 combo kernel: hda: 29336832 sectors (15020 MB) w/1916KiB Cache, CHS=29104/16/63, UDMA(66)
[MATCHED: kernel] Jul 27 14:42:00 combo kernel: Uniform CD-ROM driver Revision: 3.20
[MATCHED: kernel] Jul 27 14:42:00 combo kernel: ide-floppy driver 0.99.newide
[MATCHED: kernel] Jul 27 14:42:00 combo kernel: usbcore: registered new driver hiddev
[MATCHED: kernel] Jul 27 14:42:00 combo kernel: usbcore: registered new driver hid
[MATCHED: autofs] Jul 27 14:42:00 combo autofs: automount startup succeeded
[MATCHED: kernel] Jul 27 14:42:00 combo kernel: mice: PS/2 mouse device common for all mice
[MATCHED: kernel] Jul 27 14:42:00 combo kernel: serio: i8042 AUX port at 0x60,0x64 irq 12
[MATCHED: kernel] Jul 27 14:42:00 combo kernel: input: ImPS/2 Logitech Wheel Mouse on isa0060/serio1
[MATCHED: kernel] Jul 27 14:42:00 combo kernel: serio: i8042 KBD port at 0x60,0x64 irq 1
[MATCHED: smartd] Jul 27 14:42:00 combo smartd[1768]: Home page is http://smartmontools.sourceforge.net/  
[MATCHED: kernel] Jul 27 14:42:00 combo kernel: input: AT Translated Set 2 keyboard on isa0060/serio0
[MATCHED: smartd] Jul 27 14:42:00 combo smartd[1768]: Opened configuration file /etc/smartd.conf 
[MATCHED: kernel] Jul 27 14:42:00 combo kernel: md: md driver 0.90.0 MAX_MD_DEVS=256, MD_SB_DISKS=27
[MATCHED: smartd] Jul 27 14:42:00 combo smartd[1768]: Configuration file /etc/smartd.conf parsed. 
[MATCHED: kernel] Jul 27 14:42:00 combo kernel: NET: Registered protocol family 2
[MATCHED: smartd] Jul 27 14:42:00 combo smartd[1768]: Device: /dev/hda, opened 
[MATCHED: kernel] Jul 27 14:42:00 combo kernel: IP: routing cache hash table of 512 buckets, 4Kbytes
[MATCHED: smartd] Jul 27 14:42:00 combo smartd[1768]: Device: /dev/hda, found in smartd database. 
[MATCHED: kernel] Jul 27 14:42:00 combo kernel: TCP: Hash tables configured (established 8192 bind 16384)
[MATCHED: smartd] Jul 27 14:42:01 combo smartd[1768]: Device: /dev/hda, is SMART capable. Adding to "monitor" list. 
[MATCHED: kernel] Jul 27 14:42:01 combo kernel: Initializing IPsec netlink socket
[MATCHED: smartd] Jul 27 14:42:01 combo smartd[1768]: Monitoring 1 ATA and 0 SCSI devices 
[MATCHED: kernel] Jul 27 14:42:01 combo kernel: NET: Registered protocol family 1
[MATCHED: smartd] Jul 27 14:42:01 combo smartd[1770]: smartd has fork()ed into background mode. New PID=1770. 
[MATCHED: smartd] Jul 27 14:42:01 combo smartd: smartd startup succeeded
[MATCHED: kernel] Jul 27 14:42:01 combo kernel: NET: Registered protocol family 17
[MATCHED: apmd] Jul 27 14:42:01 combo apmd[1730]: Charge: * * * (-1% unknown)
[MATCHED: kernel] Jul 27 14:42:01 combo kernel: checking if image is initramfs...it isn't (no cpio magic); looks like an initrd
[MATCHED: kernel] Jul 27 14:42:01 combo kernel: Freeing initrd memory: 186k freed
[MATCHED: kernel] Jul 27 14:42:01 combo kernel: md: Autodetecting RAID arrays.
[MATCHED: kernel] Jul 27 14:42:01 combo kernel: md: autorun ...
[MATCHED: kernel] Jul 27 14:42:02 combo kernel: RAMDISK: Compressed image found at block 0
[MATCHED: kernel] Jul 27 14:42:02 combo kernel: VFS: Mounted root (ext2 filesystem).
[MATCHED: kernel] Jul 27 14:42:02 combo kernel: EXT3-fs: write access will be enabled during recovery.
[MATCHED: kernel] Jul 27 14:42:02 combo kernel: kjournald starting.  Commit interval 5 seconds
[MATCHED: kernel] Jul 27 14:42:02 combo kernel: EXT3-fs: recovery complete.
[MATCHED: kernel] Jul 27 14:42:02 combo kernel: EXT3-fs: mounted filesystem with ordered data mode.
[MATCHED: kernel] Jul 27 14:42:02 combo kernel: Freeing unused kernel memory: 144k freed
[MATCHED: kernel] Jul 27 14:42:02 combo kernel: SELinux:  Disabled at runtime.
[MATCHED: kernel] Jul 27 14:42:02 combo kernel: SELinux:  Unregistering netfilter hooks
[MATCHED: rc] Jul 27 14:42:02 combo rc: Starting hpoj:  succeeded
[MATCHED: kernel] Jul 27 14:42:02 combo kernel: NET: Registered protocol family 10
[MATCHED: kernel] Jul 27 14:42:02 combo kernel: Disabled Privacy Extensions on device 022db720(lo)
[MATCHED: kernel] Jul 27 14:42:02 combo kernel: IPv6 over IPv4 tunneling driver
[MATCHED: kernel] Jul 27 14:42:02 combo kernel: USB Universal Host Controller Interface driver v2.2
[MATCHED: kernel] Jul 27 14:42:02 combo kernel: PCI: Found IRQ 11 for device 0000:00:1f.2
[MATCHED: kernel] Jul 27 14:42:02 combo kernel: uhci_hcd 0000:00:1f.2: UHCI Host Controller
[MATCHED: kernel] Jul 27 14:42:03 combo kernel: uhci_hcd 0000:00:1f.2: irq 11, io base 0000ff80
[MATCHED: kernel] Jul 27 14:42:03 combo kernel: uhci_hcd 0000:00:1f.2: new USB bus registered, assigned bus number 1
[MATCHED: kernel] Jul 27 14:42:03 combo kernel: EXT3 FS on hda2, internal journal
[MATCHED: kernel] Jul 27 14:42:04 combo kernel: cdrom: open failed.
[MATCHED: kernel] Jul 27 14:42:04 combo kernel: Adding 262072k swap on /dev/hda3.  Priority:-1 extents:1
[MATCHED: kernel] Jul 27 14:42:04 combo kernel: kjournald starting.  Commit interval 5 seconds
[MATCHED: kernel] Jul 27 14:42:04 combo kernel: EXT3 FS on hda1, internal journal
[MATCHED: kernel] Jul 27 14:42:04 combo kernel: EXT3-fs: mounted filesystem with ordered data mode.
[MATCHED: kernel] Jul 27 14:42:05 combo kernel: microcode: CPU0 already at revision 0x8 (current=0x8)
[MATCHED: kernel] Jul 27 14:42:05 combo kernel: microcode: No suitable data for cpu 0
[MATCHED: kernel] Jul 27 14:42:05 combo kernel: parport0: PC-style at 0x378 (0x778) [PCSPP,TRISTATE,EPP]
[MATCHED: kernel] Jul 27 14:42:05 combo kernel: parport0: irq 7 detected
[MATCHED: kernel] Jul 27 14:42:05 combo kernel: SCSI subsystem initialized
[MATCHED: kernel] Jul 27 14:42:05 combo kernel: inserting floppy driver for 2.6.5-1.358
[MATCHED: kernel] Jul 27 14:42:05 combo kernel: Floppy drive(s): fd0 is 1.44M
[MATCHED: kernel] Jul 27 14:42:06 combo kernel: FDC 0 is a National Semiconductor PC87306
[MATCHED: kernel] Jul 27 14:42:06 combo kernel: PCI: Found IRQ 5 for device 0000:01:0c.0
[MATCHED: kernel] Jul 27 14:42:06 combo kernel: 3c59x: Donald Becker and others. www.scyld.com/network/vortex.html
[MATCHED: kernel] Jul 27 14:42:07 combo kernel: ip_tables: (C) 2000-2002 Netfilter core team
[MATCHED: kernel] Jul 27 14:42:07 combo kernel: PCI: Found IRQ 5 for device 0000:01:0c.0
[MATCHED: kernel] Jul 27 14:42:07 combo kernel: 3c59x: Donald Becker and others. www.scyld.com/network/vortex.html
[MATCHED: kernel] Jul 27 14:42:08 combo kernel: ip_tables: (C) 2000-2002 Netfilter core team
[MATCHED: kernel] Jul 27 14:42:08 combo kernel: process `syslogd' is using obsolete setsockopt SO_BSDCOMPAT
[MATCHED: kernel] Jul 27 14:42:08 combo kernel: Bluetooth: Core ver 2.4
[MATCHED: kernel] Jul 27 14:42:09 combo kernel: NET: Registered protocol family 31
[MATCHED: kernel] Jul 27 14:42:09 combo kernel: Bluetooth: HCI device and connection manager initialized
[MATCHED: kernel] Jul 27 14:42:09 combo kernel: Bluetooth: HCI socket layer initialized
[MATCHED: kernel] Jul 27 14:42:10 combo kernel: Bluetooth: L2CAP ver 2.1
[MATCHED: kernel] Jul 27 14:42:10 combo kernel: Bluetooth: RFCOMM ver 1.2
[MATCHED: kernel] Jul 27 14:42:11 combo kernel: Bluetooth: RFCOMM socket layer initialized
[MATCHED: kernel] Jul 27 14:42:11 combo kernel: Bluetooth: RFCOMM TTY layer initialized
[MATCHED: kernel] Jul 27 14:42:11 combo kernel: parport0: PC-style at 0x378 (0x778) [PCSPP,TRISTATE,EPP]
[MATCHED: kernel] Jul 27 14:42:11 combo kernel: parport0: irq 7 detected
[MATCHED: cups] Jul 27 14:42:13 combo cups: cupsd startup succeeded
[MATCHED: sendmail] Jul 27 14:42:15 combo sendmail: sendmail startup succeeded
[MATCHED: sendmail] Jul 27 14:42:15 combo sendmail: sm-client startup succeeded
[MATCHED: spamassassin] Jul 27 14:42:18 combo spamassassin: spamd startup succeeded
[MATCHED: privoxy] Jul 27 14:42:19 combo privoxy: Jul 27 14:42:19 Privoxy(-150806400) Info: loading configuration file '/etc/privoxy/config':
[MATCHED: privoxy] Jul 27 14:42:20 combo privoxy: privoxy startup succeeded
[MATCHED: gpm] Jul 27 14:42:20 combo gpm[2076]: *** info [startup.c(95)]: 
[MATCHED: gpm] Jul 27 14:42:20 combo gpm[2076]: Started gpm successfully. Entered daemon mode.
[MATCHED: gpm] Jul 27 14:42:20 combo gpm[2076]: *** info [mice.c(1766)]: 
[MATCHED: gpm] Jul 27 14:42:20 combo gpm[2076]: imps2: Auto-detected intellimouse PS/2
[MATCHED: gpm] Jul 27 14:42:20 combo gpm: gpm startup succeeded
[MATCHED: IIim] Jul 27 14:42:21 combo IIim: htt startup succeeded
[MATCHED: udev] Jul 27 14:42:21 combo udev[2096]: creating device node '/udev/lp0'
[MATCHED: htt] Jul 27 14:42:23 combo htt_server[2088]: started.
[MATCHED: canna] Jul 27 14:42:23 combo canna:  succeeded
[MATCHED: crond] Jul 27 14:42:23 combo crond: crond startup succeeded
[MATCHED: xfs] Jul 27 14:42:25 combo xfs: xfs startup succeeded
[MATCHED: anacron] Jul 27 14:42:25 combo anacron: anacron startup succeeded
[MATCHED: atd] Jul 27 14:42:25 combo atd: atd startup succeeded
[MATCHED: readahead] Jul 27 14:42:25 combo readahead: Starting background readahead: 
[MATCHED: rc] Jul 27 14:42:26 combo rc: Starting readahead:  succeeded
[MATCHED: messagebus] Jul 27 14:42:27 combo messagebus: messagebus startup succeeded
[MATCHED: httpd] Jul 27 14:42:40 combo httpd: httpd startup succeeded
[MATCHED: squid] Jul 27 14:42:43 combo squid[2274]: Squid Parent: child process 2276 started
[MATCHED: named] Jul 27 18:42:48 combo named[2288]: starting BIND 9.2.3 -u named -t /var/named/chroot
[MATCHED: named] Jul 27 18:42:48 combo named[2288]: using 1 CPU
[MATCHED: named] Jul 27 14:42:48 combo named: named startup succeeded
[MATCHED: named] Jul 27 18:42:48 combo named[2288]: loading configuration from '/etc/named.conf'
[MATCHED: named] Jul 27 18:42:48 combo named[2288]: listening on IPv4 interface lo, 127.0.0.1#53
[MATCHED: named] Jul 27 18:42:48 combo named[2288]: listening on IPv4 interface eth0, 63.126.79.67#53
[MATCHED: named] Jul 27 18:42:48 combo named[2288]: listening on IPv4 interface eth0:1, 63.126.79.69#53
[MATCHED: named] Jul 27 18:42:48 combo named[2288]: listening on IPv4 interface eth0:2, 63.126.79.70#53
[MATCHED: named] Jul 27 18:42:48 combo named[2288]: listening on IPv4 interface eth0:3, 63.126.79.71#53
[MATCHED: named] Jul 27 18:42:48 combo named[2288]: listening on IPv4 interface eth0:4, 63.126.79.72#53
[MATCHED: named] Jul 27 18:42:48 combo named[2288]: listening on IPv4 interface eth0:5, 63.126.79.73#53
[MATCHED: named] Jul 27 18:42:48 combo named[2288]: listening on IPv4 interface eth0:6, 63.126.79.75#53
[MATCHED: named] Jul 27 18:42:48 combo named[2288]: listening on IPv4 interface eth0:7, 63.126.79.80#53
[MATCHED: named] Jul 27 18:42:48 combo named[2288]: listening on IPv4 interface eth0:8, 63.126.79.81#53
[MATCHED: named] Jul 27 18:42:49 combo named[2288]: listening on IPv4 interface eth0:9, 63.126.79.82#53
[MATCHED: named] Jul 27 18:42:50 combo named[2288]: listening on IPv4 interface eth0:10, 63.126.79.83#53
[MATCHED: named] Jul 27 18:42:50 combo named[2288]: listening on IPv4 interface eth0:11, 63.126.79.84#53
[MATCHED: named] Jul 27 18:42:50 combo named[2288]: listening on IPv4 interface eth0:12, 63.126.79.85#53
[MATCHED: named] Jul 27 18:42:51 combo named[2288]: listening on IPv4 interface eth0:13, 63.126.79.87#53
[MATCHED: named] Jul 27 18:42:52 combo named[2288]: listening on IPv4 interface eth0:14, 63.126.79.89#53
[MATCHED: ntpd] Jul 27 14:42:53 combo ntpd: ntpd startup succeeded
[MATCHED: named] Jul 27 18:42:53 combo named[2288]: listening on IPv4 interface eth0:15, 63.126.79.90#53
[MATCHED: named] Jul 27 18:42:54 combo named[2288]: listening on IPv4 interface eth0:16, 63.126.79.95#53
[MATCHED: named] Jul 27 18:42:54 combo named[2288]: listening on IPv4 interface eth0:17, 63.126.79.100#53
[MATCHED: named] Jul 27 18:42:55 combo named[2288]: listening on IPv4 interface eth0:18, 63.126.79.105#53
[MATCHED: ntpd] Jul 27 14:42:55 combo ntpd[2317]: precision = 1.000 usec
[MATCHED: named] Jul 27 18:42:55 combo named[2288]: listening on IPv4 interface eth0:19, 63.126.79.110#53
[MATCHED: named] Jul 27 18:42:56 combo named[2288]: listening on IPv4 interface eth0:20, 63.126.79.115#53
[MATCHED: ntpd] Jul 27 14:42:56 combo ntpd[2317]: kernel time sync status 0040
[MATCHED: named] Jul 27 18:42:56 combo named[2288]: listening on IPv4 interface eth0:21, 63.126.79.120#53
[MATCHED: ntpd] Jul 27 14:42:57 combo ntpd[2317]: frequency initialized 0.000 PPM from /var/lib/ntp/drift
[MATCHED: named] Jul 27 18:42:57 combo named[2288]: listening on IPv4 interface eth0:22, 63.126.79.125#53
[MATCHED: ntpd] Jul 27 14:42:57 combo ntpd[2317]: configure: keyword "authenticate" unknown, line ignored
[MATCHED: named] Jul 27 18:42:58 combo named[2288]: couldn't add command channel 127.0.0.1#953: not found
[MATCHED: named] Jul 27 18:42:58 combo named[2288]: couldn't add command channel ::1#953: not found
[MATCHED: mysqld] Jul 27 14:42:58 combo mysqld: Starting MySQL:  succeeded
[MATCHED: named] Jul 27 18:42:58 combo named[2288]: running
[MATCHED: rsyncd] Jul 27 14:42:58 combo rsyncd[2373]: rsyncd version 2.6.2 starting, listening on port 873 
[MATCHED: udev] Jul 27 14:43:01 combo udev[2522]: creating device node '/udev/vcs2'
[MATCHED: udev] Jul 27 14:43:01 combo udev[2586]: creating device node '/udev/vcs5'
[MATCHED: udev] Jul 27 14:43:01 combo udev[2585]: creating device node '/udev/vcsa2'
[MATCHED: udev] Jul 27 14:43:01 combo udev[2587]: creating device node '/udev/vcsa5'
[MATCHED: udev] Jul 27 14:43:01 combo udev[2588]: creating device node '/udev/vcs4'
[MATCHED: udev] Jul 27 14:43:01 combo udev[2589]: creating device node '/udev/vcsa4'
[MATCHED: udev] Jul 27 14:43:01 combo udev[2592]: creating device node '/udev/vcsa6'
[MATCHED: udev] Jul 27 14:43:01 combo udev[2593]: creating device node '/udev/vcs3'
[MATCHED: udev] Jul 27 14:43:01 combo udev[2594]: creating device node '/udev/vcsa3'
[MATCHED: udev] Jul 27 14:43:01 combo udev[2622]: removing device node '/udev/vcsa6'
[MATCHED: udev] Jul 27 14:43:01 combo udev[2635]: removing device node '/udev/vcsa4'
[MATCHED: udev] Jul 27 14:43:01 combo udev[2636]: removing device node '/udev/vcs5'
[MATCHED: udev] Jul 27 14:43:01 combo udev[2633]: removing device node '/udev/vcsa5'
[MATCHED: udev] Jul 27 14:43:01 combo udev[2624]: removing device node '/udev/vcsa2'
[MATCHED: udev] Jul 27 14:43:01 combo udev[2630]: removing device node '/udev/vcs4'
[MATCHED: udev] Jul 27 14:43:01 combo udev[2627]: removing device node '/udev/vcs2'
[MATCHED: udev] Jul 27 14:43:01 combo udev[2590]: creating device node '/udev/vcs6'
[MATCHED: udev] Jul 27 14:43:01 combo udev[2671]: removing device node '/udev/vcs3'
[MATCHED: udev] Jul 27 14:43:02 combo udev[2681]: removing device node '/udev/vcsa3'
[MATCHED: udev] Jul 27 14:43:02 combo udev[2688]: creating device node '/udev/vcsa6'
[MATCHED: udev] Jul 27 14:43:02 combo udev[2691]: creating device node '/udev/vcsa4'
[MATCHED: udev] Jul 27 14:43:02 combo udev[2706]: creating device node '/udev/vcs5'
[MATCHED: udev] Jul 27 14:43:02 combo udev[2710]: creating device node '/udev/vcsa5'
[MATCHED: udev] Jul 27 14:43:03 combo udev[2711]: creating device node '/udev/vcsa2'
[MATCHED: udev] Jul 27 14:43:03 combo udev[2716]: creating device node '/udev/vcs4'
[MATCHED: udev] Jul 27 14:43:03 combo udev[2728]: creating device node '/udev/vcs2'
[MATCHED: udev] Jul 27 14:43:03 combo udev[2733]: removing device node '/udev/vcs6'
[MATCHED: udev] Jul 27 14:43:03 combo udev[2738]: creating device node '/udev/vcs3'
[MATCHED: udev] Jul 27 14:43:03 combo udev[2739]: creating device node '/udev/vcsa3'
[MATCHED: udev] Jul 27 14:43:05 combo udev[2768]: creating device node '/udev/vcs6'
[MATCHED: udev] Jul 27 14:43:09 combo udev[2789]: creating device node '/udev/vcs7'
[MATCHED: udev] Jul 27 14:43:09 combo udev[2796]: creating device node '/udev/vcsa7'
[MATCHED: udev] Jul 27 14:43:09 combo udev[2834]: removing device node '/udev/vcsa7'
[MATCHED: udev] Jul 27 14:43:09 combo udev[2826]: removing device node '/udev/vcs7'
[MATCHED: udev] Jul 27 14:43:09 combo udev[2841]: creating device node '/udev/vcs7'
[MATCHED: udev] Jul 27 14:43:09 combo udev[2839]: creating device node '/udev/vcsa7'
[MATCHED: ntpd] Jul 27 14:46:13 combo ntpd[2317]: synchronized to LOCAL(0), stratum=10
[MATCHED: ntpd] Jul 27 14:46:13 combo ntpd[2317]: kernel time sync disabled 0041
[MATCHED: ntpd] Jul 27 14:47:17 combo ntpd[2317]: kernel time sync enabled 0001
[MATCHED: logrotate] Jul 28 04:08:41 combo logrotate: ALERT exited abnormally with [1]
[MATCHED: logrotate] Jul 29 04:08:40 combo logrotate: ALERT exited abnormally with [1]
[MATCHED: logrotate] Jul 30 04:08:40 combo logrotate: ALERT exited abnormally with [1]
[MATCHED: cups] Jul 31 04:08:42 combo cups: cupsd shutdown succeeded
[MATCHED: cups] Jul 31 04:08:48 combo cups: cupsd startup succeeded
[MATCHED: syslog] Jul 31 04:08:51 combo syslogd 1.4.1: restart.
[MATCHED: logrotate] Jul 31 04:08:51 combo logrotate: ALERT exited abnormally with [1]
[MATCHED: logrotate] Aug  1 04:03:03 combo logrotate: ALERT exited abnormally with [1]
[MATCHED: logrotate] Aug  2 04:03:17 combo logrotate: ALERT exited abnormally with [1]
[MATCHED: mysqld] Aug  2 07:46:28 combo mysqld: Stopping MySQL:  succeeded
[MATCHED: mysqld] Aug  2 07:46:32 combo mysqld: Starting MySQL:  succeeded
[MATCHED: gpm] Aug  2 08:01:28 combo gpm[2076]: *** info [mice.c(1766)]: 
[MATCHED: gpm] Aug  2 08:01:28 combo gpm[2076]: imps2: Auto-detected intellimouse PS/2
[MATCHED: gpm] Aug  2 08:02:04 combo gpm[2076]: *** info [client.c(137)]: 
[MATCHED: gpm] Aug  2 08:02:04 combo gpm[2076]: Connecting at fd 6
[MATCHED: gpm] Aug  2 08:03:37 combo gpm[2076]: *** info [client.c(275)]: 
[MATCHED: gpm] Aug  2 08:03:37 combo gpm[2076]: *** info [client.c(284)]: 
[MATCHED: udev] Aug  2 08:04:10 combo udev[25043]: removing device node '/udev/vcsa2'
[MATCHED: udev] Aug  2 08:04:10 combo udev[25042]: removing device node '/udev/vcs2'
[MATCHED: udev] Aug  2 08:04:11 combo udev[25052]: creating device node '/udev/vcs2'
[MATCHED: udev] Aug  2 08:04:11 combo udev[25053]: creating device node '/udev/vcsa2'
[MATCHED: udev] Aug  2 08:04:11 combo udev[25058]: removing device node '/udev/vcs2'
[MATCHED: udev] Aug  2 08:04:11 combo udev[25067]: removing device node '/udev/vcsa2'
[MATCHED: udev] Aug  2 08:04:11 combo udev[25071]: creating device node '/udev/vcs2'
[MATCHED: udev] Aug  2 08:04:11 combo udev[25073]: creating device node '/udev/vcsa2'
[MATCHED: udev] Aug  2 08:06:03 combo udev[25150]: removing device node '/udev/vcs2'
[MATCHED: udev] Aug  2 08:06:03 combo udev[25196]: removing device node '/udev/vcsa2'
[MATCHED: udev] Aug  2 08:06:03 combo udev[25203]: creating device node '/udev/vcs2'
[MATCHED: udev] Aug  2 08:06:03 combo udev[25204]: creating device node '/udev/vcsa2'
[MATCHED: udev] Aug  2 08:06:03 combo udev[25210]: removing device node '/udev/vcs2'
[MATCHED: udev] Aug  2 08:06:03 combo udev[25219]: removing device node '/udev/vcsa2'
[MATCHED: udev] Aug  2 08:06:03 combo udev[25215]: creating device node '/udev/vcs2'
[MATCHED: udev] Aug  2 08:06:03 combo udev[25224]: creating device node '/udev/vcsa2'
[MATCHED: logrotate] Aug  3 04:03:18 combo logrotate: ALERT exited abnormally with [1]
[MATCHED: logrotate] Aug  4 04:03:37 combo logrotate: ALERT exited abnormally with [1]
[MATCHED: logrotate] Aug  5 04:05:43 combo logrotate: ALERT exited abnormally with [1]
[MATCHED: udev] Aug  5 05:02:30 combo udev[2877]: removing device node '/udev/vcs2'
[MATCHED: udev] Aug  5 05:02:30 combo udev[2878]: removing device node '/udev/vcsa2'
[MATCHED: udev] Aug  5 05:02:30 combo udev[2887]: creating device node '/udev/vcs2'
[MATCHED: udev] Aug  5 05:02:30 combo udev[2888]: creating device node '/udev/vcsa2'
[MATCHED: udev] Aug  5 05:02:30 combo udev[2895]: removing device node '/udev/vcs2'
[MATCHED: udev] Aug  5 05:02:30 combo udev[2903]: removing device node '/udev/vcsa2'
[MATCHED: udev] Aug  5 05:02:31 combo udev[2900]: creating device node '/udev/vcs2'
[MATCHED: udev] Aug  5 05:02:31 combo udev[2908]: creating device node '/udev/vcsa2'
[MATCHED: logrotate] Aug  6 04:03:30 combo logrotate: ALERT exited abnormally with [1]
[MATCHED: cups] Aug  7 04:03:39 combo cups: cupsd shutdown succeeded
[MATCHED: cups] Aug  7 04:03:45 combo cups: cupsd startup succeeded
[MATCHED: syslog] Aug  7 04:03:57 combo syslogd 1.4.1: restart.
[MATCHED: logrotate] Aug  7 04:03:57 combo logrotate: ALERT exited abnormally with [1]
[MATCHED: logrotate] Aug  8 04:02:55 combo logrotate: ALERT exited abnormally with [1]
[MATCHED: udev] Aug  8 06:26:50 combo udev[20040]: removing device node '/udev/vcsa2'
[MATCHED: udev] Aug  8 06:26:50 combo udev[20039]: removing device node '/udev/vcs2'
[MATCHED: udev] Aug  8 06:26:50 combo udev[20050]: creating device node '/udev/vcs2'
[MATCHED: udev] Aug  8 06:26:50 combo udev[20051]: creating device node '/udev/vcsa2'
[MATCHED: udev] Aug  8 06:26:51 combo udev[20059]: removing device node '/udev/vcsa2'
[MATCHED: udev] Aug  8 06:26:51 combo udev[20066]: removing device node '/udev/vcs2'
[MATCHED: udev] Aug  8 06:26:51 combo udev[20064]: creating device node '/udev/vcsa2'
[MATCHED: udev] Aug  8 06:26:51 combo udev[20071]: creating device node '/udev/vcs2'
[MATCHED: udev] Aug  8 09:58:43 combo udev[20372]: removing device node '/udev/vcs2'
[MATCHED: udev] Aug  8 09:58:43 combo udev[20383]: removing device node '/udev/vcsa2'
[MATCHED: udev] Aug  8 09:58:44 combo udev[20395]: creating device node '/udev/vcs2'
[MATCHED: udev] Aug  8 09:58:44 combo udev[20431]: removing device node '/udev/vcs2'
[MATCHED: udev] Aug  8 09:58:44 combo udev[20402]: creating device node '/udev/vcsa2'
[MATCHED: udev] Aug  8 09:58:44 combo udev[20441]: removing device node '/udev/vcsa2'
[MATCHED: udev] Aug  8 09:58:44 combo udev[20436]: creating device node '/udev/vcs2'
[MATCHED: udev] Aug  8 09:58:44 combo udev[20446]: creating device node '/udev/vcsa2'
[MATCHED: logrotate] Aug  9 04:02:55 combo logrotate: ALERT exited abnormally with [1]
[MATCHED: logrotate] Aug 10 04:03:18 combo logrotate: ALERT exited abnormally with [1]
[MATCHED: logrotate] Aug 11 04:03:17 combo logrotate: ALERT exited abnormally with [1]
[MATCHED: logrotate] Aug 12 04:03:36 combo logrotate: ALERT exited abnormally with [1]
[MATCHED: udev] Aug 12 10:01:27 combo udev[1070]: removing device node '/udev/vcsa2'
[MATCHED: udev] Aug 12 10:01:27 combo udev[1069]: removing device node '/udev/vcs2'
[MATCHED: udev] Aug 12 10:01:27 combo udev[1089]: creating device node '/udev/vcs2'
[MATCHED: udev] Aug 12 10:01:27 combo udev[1090]: creating device node '/udev/vcsa2'
[MATCHED: udev] Aug 12 10:01:27 combo udev[1096]: removing device node '/udev/vcs2'
[MATCHED: udev] Aug 12 10:01:27 combo udev[1105]: removing device node '/udev/vcsa2'
[MATCHED: udev] Aug 12 10:01:27 combo udev[1101]: creating device node '/udev/vcs2'
[MATCHED: udev] Aug 12 10:01:27 combo udev[1110]: creating device node '/udev/vcsa2'
[MATCHED: logrotate] Aug 13 04:03:48 combo logrotate: ALERT exited abnormally with [1]
[MATCHED: cups] Aug 14 04:03:39 combo cups: cupsd shutdown succeeded
[MATCHED: cups] Aug 14 04:03:44 combo cups: cupsd startup succeeded
[MATCHED: syslog] Aug 14 04:03:53 combo syslogd 1.4.1: restart.
[MATCHED: logrotate] Aug 14 04:03:53 combo logrotate: ALERT exited abnormally with [1]
[MATCHED: logrotate] Aug 15 04:02:57 combo logrotate: ALERT exited abnormally with [1]
[MATCHED: logrotate] Aug 16 04:03:00 combo logrotate: ALERT exited abnormally with [1]
[MATCHED: logrotate] Aug 17 04:03:17 combo logrotate: ALERT exited abnormally with [1]
[MATCHED: logrotate] Aug 18 04:03:20 combo logrotate: ALERT exited abnormally with [1]
[MATCHED: logrotate] Aug 19 04:03:12 combo logrotate: ALERT exited abnormally with [1]
[MATCHED: logrotate] Aug 20 04:03:27 combo logrotate: ALERT exited abnormally with [1]
[MATCHED: cups] Aug 21 04:03:37 combo cups: cupsd shutdown succeeded
[MATCHED: cups] Aug 21 04:03:42 combo cups: cupsd startup succeeded
[MATCHED: syslog] Aug 21 04:03:47 combo syslogd 1.4.1: restart.
[MATCHED: logrotate] Aug 21 04:03:47 combo logrotate: ALERT exited abnormally with [1]
[MATCHED: logrotate] Aug 22 04:03:01 combo logrotate: ALERT exited abnormally with [1]
[MATCHED: logrotate] Aug 23 04:06:04 combo logrotate: ALERT exited abnormally with [1]
[MATCHED: logrotate] Aug 24 04:06:05 combo logrotate: ALERT exited abnormally with [1]
[MATCHED: logrotate] Aug 25 04:06:36 combo logrotate: ALERT exited abnormally with [1]
[MATCHED: logrotate] Aug 26 04:05:49 combo logrotate: ALERT exited abnormally with [1]
[MATCHED: logrotate] Aug 27 04:03:40 combo logrotate: ALERT exited abnormally with [1]
[MATCHED: cups] Aug 28 04:10:26 combo cups: cupsd shutdown succeeded
[MATCHED: cups] Aug 28 04:10:32 combo cups: cupsd startup succeeded
[MATCHED: syslog] Aug 28 04:10:37 combo syslogd 1.4.1: restart.
[MATCHED: logrotate] Aug 28 04:10:37 combo logrotate: ALERT exited abnormally with [1]
[MATCHED: logrotate] Aug 29 04:03:48 combo logrotate: ALERT exited abnormally with [1]
[MATCHED: logrotate] Aug 30 04:03:26 combo logrotate: ALERT exited abnormally with [1]
[MATCHED: logrotate] Aug 31 04:03:30 combo logrotate: ALERT exited abnormally with [1]
[MATCHED: logrotate] Sep  1 04:03:20 combo logrotate: ALERT exited abnormally with [1]
[MATCHED: logrotate] Sep  2 04:03:28 combo logrotate: ALERT exited abnormally with [1]
[MATCHED: logrotate] Sep  3 04:04:18 combo logrotate: ALERT exited abnormally with [1]
[MATCHED: cups] Sep  4 04:03:58 combo cups: cupsd shutdown succeeded
[MATCHED: cups] Sep  4 04:04:04 combo cups: cupsd startup succeeded
[MATCHED: syslog] Sep  4 04:04:13 combo syslogd 1.4.1: restart.
[MATCHED: logrotate] Sep  4 04:04:13 combo logrotate: ALERT exited abnormally with [1]
[MATCHED: logrotate] Sep  5 04:08:56 combo logrotate: ALERT exited abnormally with [1]
[MATCHED: logrotate] Sep  6 04:03:14 combo logrotate: ALERT exited abnormally with [1]
[MATCHED: logrotate] Sep  7 04:03:23 combo logrotate: ALERT exited abnormally with [1]
[MATCHED: logrotate] Sep  8 04:03:16 combo logrotate: ALERT exited abnormally with [1]
[MATCHED: logrotate] Sep  9 04:03:28 combo logrotate: ALERT exited abnormally with [1]
[MATCHED: logrotate] Sep 10 04:06:55 combo logrotate: ALERT exited abnormally with [1]
[MATCHED: cups] Sep 11 04:03:41 combo cups: cupsd shutdown succeeded
[MATCHED: cups] Sep 11 04:03:46 combo cups: cupsd startup succeeded
[MATCHED: syslog] Sep 11 04:03:52 combo syslogd 1.4.1: restart.
[MATCHED: logrotate] Sep 11 04:03:53 combo logrotate: ALERT exited abnormally with [1]
[MATCHED: logrotate] Sep 12 04:03:07 combo logrotate: ALERT exited abnormally with [1]
[MATCHED: logrotate] Sep 13 04:04:33 combo logrotate: ALERT exited abnormally with [1]
[MATCHED: logrotate] Sep 14 04:08:05 combo logrotate: ALERT exited abnormally with [1]
[MATCHED: logrotate] Sep 15 04:03:23 combo logrotate: ALERT exited abnormally with [1]
[MATCHED: logrotate] Sep 16 04:05:18 combo logrotate: ALERT exited abnormally with [1]
[MATCHED: logrotate] Sep 17 04:03:49 combo logrotate: ALERT exited abnormally with [1]
[MATCHED: cups] Sep 18 04:07:05 combo cups: cupsd shutdown succeeded
[MATCHED: cups] Sep 18 04:07:11 combo cups: cupsd startup succeeded
[MATCHED: syslog] Sep 18 04:07:26 combo syslogd 1.4.1: restart.
[MATCHED: logrotate] Sep 18 04:07:26 combo logrotate: ALERT exited abnormally with [1]
[MATCHED: logrotate] Sep 19 04:02:53 combo logrotate: ALERT exited abnormally with [1]
[MATCHED: syslog] Sep 19 05:57:37 combo syslogd 1.4.1: restart.
[MATCHED: syslog] Sep 19 05:57:37 combo syslog: syslogd startup succeeded
[MATCHED: syslog] Sep 19 05:57:37 combo syslog: klogd startup succeeded
[MATCHED: kernel] Sep 19 05:57:37 combo kernel: klogd 1.4.1, log source = /proc/kmsg started.
[MATCHED: kernel] Sep 19 05:57:37 combo kernel: Linux version 2.6.5-1.358 (bhcompile@bugs.build.redhat.com) (gcc version 3.3.3 20040412 (Red Hat Linux 3.3.3-7)) #1 Sat May 8 09:04:50 EDT 2004
[MATCHED: kernel] Sep 19 05:57:37 combo kernel: BIOS-provided physical RAM map:
[MATCHED: kernel] Sep 19 05:57:37 combo kernel:  BIOS-e820: 0000000000000000 - 00000000000a0000 (usable)
[MATCHED: kernel] Sep 19 05:57:37 combo kernel:  BIOS-e820: 00000000000f0000 - 0000000000100000 (reserved)
[MATCHED: kernel] Sep 19 05:57:37 combo kernel:  BIOS-e820: 0000000000100000 - 0000000007eae000 (usable)
[MATCHED: kernel] Sep 19 05:57:37 combo kernel:  BIOS-e820: 0000000007eae000 - 0000000008000000 (reserved)
[MATCHED: kernel] Sep 19 05:57:37 combo kernel:  BIOS-e820: 00000000ffb00000 - 0000000100000000 (reserved)
[MATCHED: kernel] Sep 19 05:57:37 combo kernel: 126MB LOWMEM available.
[MATCHED: kernel] Sep 19 05:57:37 combo kernel: zapping low mappings.
[MATCHED: kernel] Sep 19 05:57:37 combo kernel: On node 0 totalpages: 32430
[MATCHED: irqbalance] Sep 19 05:57:37 combo irqbalance: irqbalance startup succeeded
[MATCHED: kernel] Sep 19 05:57:37 combo kernel:   DMA zone: 4096 pages, LIFO batch:1
[MATCHED: kernel] Sep 19 05:57:37 combo kernel:   Normal zone: 28334 pages, LIFO batch:6
[MATCHED: kernel] Sep 19 05:57:37 combo kernel:   HighMem zone: 0 pages, LIFO batch:1
[MATCHED: kernel] Sep 19 05:57:37 combo kernel: DMI 2.3 present.
[MATCHED: kernel] Sep 19 05:57:37 combo kernel: ACPI disabled because your bios is from 2000 and too old
[MATCHED: kernel] Sep 19 05:57:37 combo kernel: You can enable it with acpi=force
[MATCHED: kernel] Sep 19 05:57:37 combo kernel: Built 1 zonelists
[MATCHED: kernel] Sep 19 05:57:37 combo kernel: Kernel command line: ro root=LABEL=/ rhgb quiet
[MATCHED: kernel] Sep 19 05:57:37 combo kernel: mapped 4G/4G trampoline to ffff3000.
[MATCHED: kernel] Sep 19 05:57:37 combo kernel: Initializing CPU#0
[MATCHED: kernel] Sep 19 05:57:37 combo kernel: CPU 0 irqstacks, hard=02345000 soft=02344000
