[MATCHED: logrotate] Jun 15 04:06:20 combo logrotate: ALERT exited abnormally with [1]
[MATCHED: logrotate] Jun 16 04:10:24 combo logrotate: ALERT exited abnormally with [1]
[MATCHED: logrotate] Jun 17 04:03:36 combo logrotate: ALERT exited abnormally with [1]
[MATCHED: logrotate] Jun 18 04:07:06 combo logrotate: ALERT exited abnormally with [1]
[MATCHED: cups] Jun 19 04:08:57 combo cups: cupsd shutdown succeeded
[MATCHED: cups] Jun 19 04:09:02 combo cups: cupsd startup succeeded
[MATCHED: syslog] Jun 19 04:09:11 combo syslogd 1.4.1: restart.
[MATCHED: logrotate] Jun 19 04:09:11 combo logrotate: ALERT exited abnormally with [1]
[MATCHED: logrotate] Jun 20 04:02:55 combo logrotate: ALERT exited abnormally with [1]
[MATCHED: logrotate] Jun 21 04:06:59 combo logrotate: ALERT exited abnormally with [1]
[MATCHED: logrotate] Jun 22 04:06:00 combo logrotate: ALERT exited abnormally with [1]
[MATCHED: logrotate] Jun 23 04:05:30 combo logrotate: ALERT exited abnormally with [1]
[MATCHED: logrotate] Jun 24 04:05:35 combo logrotate: ALERT exited abnormally with [1]
[MATCHED: logrotate] Jun 25 04:04:26 combo logrotate: ALERT exited abnormally with [1]
[MATCHED: cups] Jun 26 04:04:19 combo cups: cupsd shutdown succeeded
[MATCHED: cups] Jun 26 04:04:24 combo cups: cupsd startup succeeded
[MATCHED: syslog] Jun 26 04:04:31 combo syslogd 1.4.1: restart.
[MATCHED: logrotate] Jun 26 04:04:31 combo logrotate: ALERT exited abnormally with [1]
[MATCHED: logrotate] Jun 27 04:02:49 combo logrotate: ALERT exited abnormally with [1]
[MATCHED: logrotate] Jun 28 04:03:17 combo logrotate: ALERT exited abnormally with [1]
[MATCHED: logrotate] Jun 29 04:03:12 combo logrotate: ALERT exited abnormally with [1]
[MATCHED: logrotate] Jun 30 04:03:43 combo logrotate: ALERT exited abnormally with [1]
[MATCHED: logrotate] Jul  1 04:05:19 combo logrotate: ALERT exited abnormally with [1]
[MATCHED: logrotate] Jul  2 04:04:03 combo logrotate: ALERT exited abnormally with [1]
[MATCHED: cups] Jul  3 04:07:49 combo cups: cupsd shutdown succeeded
[MATCHED: cups] Jul  3 04:07:55 combo cups: cupsd startup succeeded
[MATCHED: syslog] Jul  3 04:08:03 combo syslogd 1.4.1: restart.
[MATCHED: logrotate] Jul  3 04:08:03 combo logrotate: ALERT exited abnormally with [1]
[MATCHED: logrotate] Jul  4 04:03:08 combo logrotate: ALERT exited abnormally with [1]
[MATCHED: logrotate] Jul  5 04:03:18 combo logrotate: ALERT exited abnormally with [1]
[MATCHED: logrotate] Jul  6 04:03:10 combo logrotate: ALERT exited abnormally with [1]
[MATCHED: logrotate] Jul  7 04:04:33 combo logrotate: ALERT exited abnormally with [1]
[MATCHED: gpm] Jul  7 08:06:12 combo gpm[2094]: *** info [mice.c(1766)]: 
[MATCHED: gpm] Jul  7 08:06:12 combo gpm[2094]: imps2: Auto-detected intellimouse PS/2
[MATCHED: udev] Jul  7 08:09:11 combo udev[12754]: removing device node '/udev/vcsa2'
[MATCHED: udev] Jul  7 08:09:11 combo udev[12753]: removing device node '/udev/vcs2'
[MATCHED: udev] Jul  7 08:09:11 combo udev[12777]: creating device node '/udev/vcs2'
[MATCHED: udev] Jul  7 08:09:11 combo udev[12778]: creating device node '/udev/vcsa2'
[MATCHED: udev] Jul  7 08:09:11 combo udev[12786]: removing device node '/udev/vcs2'
[MATCHED: udev] Jul  7 08:09:11 combo udev[12790]: removing device node '/udev/vcsa2'
[MATCHED: udev] Jul  7 08:09:11 combo udev[12795]: creating device node '/udev/vcs2'
[MATCHED: udev] Jul  7 08:09:11 combo udev[12798]: creating device node '/udev/vcsa2'
[MATCHED: logrotate] Jul  8 04:04:20 combo logrotate: ALERT exited abnormally with [1]
[MATCHED: logrotate] Jul  9 04:04:25 combo logrotate: ALERT exited abnormally with [1]
[MATCHED: cups] Jul 10 04:04:33 combo cups: cupsd shutdown succeeded
[MATCHED: cups] Jul 10 04:04:39 combo cups: cupsd startup succeeded
[MATCHED: syslog] Jul 10 04:04:46 combo syslogd 1.4.1: restart.
[MATCHED: logrotate] Jul 10 04:04:46 combo logrotate: ALERT exited abnormally with [1]
[MATCHED: logrotate] Jul 11 04:03:05 combo logrotate: ALERT exited abnormally with [1]
[MATCHED: logrotate] Jul 12 04:03:42 combo logrotate: ALERT exited abnormally with [1]
[MATCHED: logrotate] Jul 13 04:04:45 combo logrotate: ALERT exited abnormally with [1]
[MATCHED: logrotate] Jul 14 04:08:25 combo logrotate: ALERT exited abnormally with [1]
[MATCHED: logrotate] Jul 15 04:05:03 combo logrotate: ALERT exited abnormally with [1]
[MATCHED: logrotate] Jul 16 04:07:34 combo logrotate: ALERT exited abnormally with [1]
[MATCHED: cups] Jul 17 04:08:10 combo cups: cupsd shutdown succeeded
[MATCHED: cups] Jul 17 04:08:16 combo cups: cupsd startup succeeded
[MATCHED: syslog] Jul 17 04:08:23 combo syslogd 1.4.1: restart.
[MATCHED: logrotate] Jul 17 04:08:23 combo logrotate: ALERT exited abnormally with [1]
[MATCHED: logrotate] Jul 18 04:03:25 combo logrotate: ALERT exited abnormally with [1]
[MATCHED: logrotate] Jul 19 04:03:45 combo logrotate: ALERT exited abnormally with [1]
[MATCHED: logrotate] Jul 20 04:05:04 combo logrotate: ALERT exited abnormally with [1]
[MATCHED: logrotate] Jul 21 04:11:28 combo logrotate: ALERT exited abnormally with [1]
[MATCHED: logrotate] Jul 22 04:07:47 combo logrotate: ALERT exited abnormally with [1]
[MATCHED: logrotate] Jul 23 04:09:37 combo logrotate: ALERT exited abnormally with [1]
[MATCHED: cups] Jul 24 04:20:21 combo cups: cupsd shutdown succeeded
[MATCHED: cups] Jul 24 04:20:26 combo cups: cupsd startup succeeded
[MATCHED: syslog] Jul 24 04:20:42 combo syslogd 1.4.1: restart.
[MATCHED: logrotate] Jul 24 04:20:42 combo logrotate: ALERT exited abnormally with [1]
[MATCHED: logrotate] Jul 25 04:04:00 combo logrotate: ALERT exited abnormally with [1]
[MATCHED: named] Jul 25 12:09:06 combo named[2306]: notify question section contains no SOA
[MATCHED: named] Jul 25 12:18:50 combo named[2306]: notify question section contains no SOA
[MATCHED: named] Jul 25 12:27:05 combo named[2306]: notify question section contains no SOA
[MATCHED: named] Jul 25 12:35:24 combo named[2306]: notify question section contains no SOA
[MATCHED: named] Jul 25 12:54:46 combo named[2306]: notify question section contains no SOA
[MATCHED: named] Jul 25 13:33:41 combo named[2306]: notify question section contains no SOA
[MATCHED: named] Jul 25 13:41:34 combo named[2306]: notify question section contains no SOA
[MATCHED: named] Jul 25 13:50:24 combo named[2306]: notify question section contains no SOA
[MATCHED: named] Jul 25 14:00:03 combo named[2306]: notify question section contains no SOA
[MATCHED: named] Jul 25 14:08:28 combo named[2306]: notify question section contains no SOA
[MATCHED: named] Jul 25 14:17:19 combo named[2306]: notify question section contains no SOA
[MATCHED: named] Jul 25 14:33:46 combo named[2306]: notify question section contains no SOA
[MATCHED: named] Jul 25 14:48:30 combo named[2306]: notify question section contains no SOA
[MATCHED: named] Jul 25 14:56:13 combo named[2306]: notify question section contains no SOA
[MATCHED: named] Jul 25 15:50:04 combo named[2306]: notify question section contains no SOA
[MATCHED: named] Jul 25 16:29:20 combo named[2306]: notify question section contains no SOA
[MATCHED: logrotate] Jul 26 04:05:24 combo logrotate: ALERT exited abnormally with [1]
[MATCHED: logrotate] Jul 27 04:16:09 combo logrotate: ALERT exited abnormally with [1]
[MATCHED: syslog] Jul 27 14:41:57 combo syslogd 1.4.1: restart.
[MATCHED: syslog] Jul 27 14:41:57 combo syslog: syslogd startup succeeded
[MATCHED: kernel] Jul 27 14:41:57 combo kernel: klogd 1.4.1, log source = /proc/kmsg started.
[MATCHED: kernel] Jul 27 14:41:57 combo kernel: Linux version 2.6.5-1.358 (bhcompile@bugs.build.redhat.com) (gcc version 3.3.3 20040412 (Red Hat Linux 3.3.3-7)) #1 Sat May 8 09:04:50 EDT 2004
[MATCHED: kernel] Jul 27 14:41:57 combo kernel: BIOS-provided physical RAM map:
[MATCHED: kernel] Jul 27 14:41:57 combo kernel:  BIOS-e820: 0000000000000000 - 00000000000a0000 (usable)
[MATCHED: kernel] Jul 27 14:41:57 combo kernel:  BIOS-e820: 00000000000f0000 - 0000000000100000 (reserved)
[MATCHED: kernel] Jul 27 14:41:57 combo kernel:  BIOS-e820: 0000000000100000 - 0000000007eae000 (usable)
[MATCHED: kernel] Jul 27 14:41:57 combo kernel:  BIOS-e820: 0000000007eae000 - 0000000008000000 (reserved)
[MATCHED: kernel] Jul 27 14:41:57 combo kernel:  BIOS-e820: 00000000ffb00000 - 0000000100000000 (reserved)
[MATCHED: kernel] Jul 27 14:41:57 combo kernel: 0MB HIGHMEM available.
[MATCHED: kernel] Jul 27 14:41:57 combo kernel: 126MB LOWMEM available.
[MATCHED: kernel] Jul 27 14:41:57 combo kernel: zapping low mappings.
[MATCHED: syslog] Jul 27 14:41:57 combo syslog: klogd startup succeeded
[MATCHED: kernel] Jul 27 14:41:57 combo kernel: On node 0 totalpages: 32430
[MATCHED: kernel] Jul 27 14:41:57 combo kernel:   DMA zone: 4096 pages, LIFO batch:1
[MATCHED: kernel] Jul 27 14:41:57 combo kernel:   Normal zone: 28334 pages, LIFO batch:6
[MATCHED: irqbalance] Jul 27 14:41:57 combo irqbalance: irqbalance startup succeeded
[MATCHED: kernel] Jul 27 14:41:57 combo kernel:   HighMem zone: 0 pages, LIFO batch:1
[MATCHED: kernel] Jul 27 14:41:57 combo kernel: DMI 2.3 present.
[MATCHED: kernel] Jul 27 14:41:57 combo kernel: ACPI disabled because your bios is from 2000 and too old
[MATCHED: kernel] Jul 27 14:41:57 combo kernel: You can enable it with acpi=force
[MATCHED: kernel] Jul 27 14:41:57 combo kernel: Built 1 zonelists
[MATCHED: kernel] Jul 27 14:41:57 combo kernel: Kernel command line: ro root=LABEL=/ rhgb quiet
[MATCHED: kernel] Jul 27 14:41:57 combo kernel: mapped 4G/4G trampoline to ffff3000.
[MATCHED: kernel] Jul 27 14:41:57 combo kernel: Initializing CPU#0
[MATCHED: kernel] Jul 27 14:41:57 combo kernel: CPU 0 irqstacks, hard=02345000 soft=02344000
[MATCHED: portmap] Jul 27 14:41:57 combo portmap: portmap startup succeeded
[MATCHED: kernel] Jul 27 14:41:57 combo kernel: PID hash table entries: 512 (order 9: 4096 bytes)
[MATCHED: kernel] Jul 27 14:41:57 combo kernel: Detected 731.219 MHz processor.
[MATCHED: rpc.statd] Jul 27 14:41:57 combo rpc.statd[1618]: Version 1.0.6 Starting
[MATCHED: kernel] Jul 27 14:41:57 combo kernel: Using tsc for high-res timesource
[MATCHED: nfslock] Jul 27 14:41:58 combo nfslock: rpc.statd startup succeeded
[MATCHED: kernel] Jul 27 14:41:58 combo kernel: Console: colour VGA+ 80x25
[MATCHED: kernel] Jul 27 14:41:58 combo kernel: Memory: 125312k/129720k available (1540k kernel code, 3860k reserved, 599k data, 144k init, 0k highmem)
[MATCHED: kernel] Jul 27 14:41:58 combo kernel: Calibrating delay loop... 1445.88 BogoMIPS
[MATCHED: kernel] Jul 27 14:41:58 combo kernel: Security Scaffold v1.0.0 initialized
[MATCHED: kernel] Jul 27 14:41:58 combo kernel: SELinux:  Initializing.
[MATCHED: kernel] Jul 27 14:41:58 combo kernel: SELinux:  Starting in permissive mode
[MATCHED: kernel] Jul 27 14:41:58 combo kernel: There is already a security framework initialized, register_security failed.
[MATCHED: kernel] Jul 27 14:41:58 combo kernel: Failure registering capabilities with the kernel
[MATCHED: kernel] Jul 27 14:41:58 combo kernel: selinux_register_security:  Registering secondary module capability
[MATCHED: kernel] Jul 27 14:41:58 combo kernel: Capability LSM initialized
[MATCHED: rpcidmapd] Jul 27 14:41:58 combo rpcidmapd: rpc.idmapd startup succeeded
[MATCHED: kernel] Jul 27 14:41:58 combo kernel: Dentry cache hash table entries: 16384 (order: 4, 65536 bytes)
[MATCHED: kernel] Jul 27 14:41:58 combo kernel: Inode-cache hash table entries: 8192 (order: 3, 32768 bytes)
[MATCHED: kernel] Jul 27 14:41:58 combo kernel: Mount-cache hash table entries: 512 (order: 0, 4096 bytes)
[MATCHED: kernel] Jul 27 14:41:58 combo kernel: CPU: L1 I cache: 16K, L1 D cache: 16K
[MATCHED: kernel] Jul 27 14:41:58 combo kernel: CPU: L2 cache: 256K
[MATCHED: kernel] Jul 27 14:41:58 combo kernel: Intel machine check architecture supported.
[MATCHED: kernel] Jul 27 14:41:58 combo kernel: Intel machine check reporting enabled on CPU#0.
[MATCHED: kernel] Jul 27 14:41:58 combo kernel: CPU: Intel Pentium III (Coppermine) stepping 06
[MATCHED: kernel] Jul 27 14:41:58 combo kernel: Enabling fast FPU save and restore... done.
[MATCHED: kernel] Jul 27 14:41:58 combo kernel: Enabling unmasked SIMD FPU exception support... done.
[MATCHED: kernel] Jul 27 14:41:58 combo kernel: Checking 'hlt' instruction... OK.
[MATCHED: random] Jul 27 14:41:58 combo random: Initializing random number generator:  succeeded
[MATCHED: kernel] Jul 27 14:41:58 combo kernel: POSIX conformance testing by UNIFIX
[MATCHED: kernel] Jul 27 14:41:58 combo kernel: NET: Registered protocol family 16
[MATCHED: kernel] Jul 27 14:41:58 combo kernel: PCI: PCI BIOS revision 2.10 entry at 0xfc0ce, last bus=1
[MATCHED: kernel] Jul 27 14:41:58 combo kernel: PCI: Using configuration type 1
[MATCHED: kernel] Jul 27 14:41:58 combo kernel: mtrr: v2.0 (20020519)
[MATCHED: kernel] Jul 27 14:41:58 combo kernel: ACPI: Subsystem revision 20040326
[MATCHED: kernel] Jul 27 14:41:58 combo kernel: ACPI: Interpreter disabled.
[MATCHED: kernel] Jul 27 14:41:58 combo kernel: Linux Plug and Play Support v0.97 (c) Adam Belay
[MATCHED: rc] Jul 27 14:41:58 combo rc: Starting pcmcia:  succeeded
[MATCHED: kernel] Jul 27 14:41:58 combo kernel: usbcore: registered new driver usbfs
[MATCHED: kernel] Jul 27 14:41:58 combo kernel: usbcore: registered new driver hub
[MATCHED: kernel] Jul 27 14:41:58 combo kernel: ACPI: ACPI tables contain no PCI IRQ routing entries
[MATCHED: kernel] Jul 27 14:41:59 combo kernel: PCI: Invalid ACPI-PCI IRQ routing table
[MATCHED: kernel] Jul 27 14:41:59 combo kernel: PCI: Probing PCI hardware
[MATCHED: kernel] Jul 27 14:41:59 combo kernel: PCI: Probing PCI hardware (bus 00)
[MATCHED: kernel] Jul 27 14:41:59 combo kernel: Transparent bridge - 0000:00:1e.0
[MATCHED: kernel] Jul 27 14:41:59 combo kernel: PCI: Using IRQ router PIIX/ICH [8086/2410] at 0000:00:1f.0
[MATCHED: kernel] Jul 27 14:41:59 combo kernel: apm: BIOS version 1.2 Flags 0x03 (Driver version 1.16ac)
[MATCHED: kernel] Jul 27 14:41:59 combo kernel: audit: initializing netlink socket (disabled)
[MATCHED: sysctl] Jul 27 14:41:54 combo sysctl: kernel.core_uses_pid = 1 
[MATCHED: hcid] Jul 27 14:41:59 combo hcid[1690]: HCI daemon ver 2.4 started
[MATCHED: bluetooth] Jul 27 14:41:59 combo bluetooth: hcid startup succeeded
[MATCHED: kernel] Jul 27 14:41:59 combo kernel: audit(1122475266.4294965305:0): initialized
[MATCHED: network] Jul 27 14:41:54 combo network: Setting network parameters:  succeeded 
[MATCHED: bluetooth] Jul 27 14:41:59 combo bluetooth: sdpd startup succeeded
[MATCHED: sdpd] Jul 27 14:41:59 combo sdpd[1696]: sdpd v1.5 started 
[MATCHED: kernel] Jul 27 14:41:59 combo kernel: Total HugeTLB memory allocated, 0
[MATCHED: network] Jul 27 14:41:54 combo network: Bringing up loopback interface:  succeeded 
[MATCHED: kernel] Jul 27 14:41:59 combo kernel: VFS: Disk quotas dquot_6.5.1
[MATCHED: kernel] Jul 27 14:41:59 combo kernel: Dquot-cache hash table entries: 1024 (order 0, 4096 bytes)
[MATCHED: kernel] Jul 27 14:41:59 combo kernel: SELinux:  Registering netfilter hooks
[MATCHED: kernel] Jul 27 14:41:59 combo kernel: Initializing Cryptographic API
[MATCHED: kernel] Jul 27 14:41:59 combo kernel: pci_hotplug: PCI Hot Plug PCI Core version: 0.5
[MATCHED: kernel] Jul 27 14:42:00 combo kernel: isapnp: Scanning for PnP cards...
[MATCHED: kernel] Jul 27 14:42:00 combo kernel: isapnp: No Plug & Play device found
[MATCHED: kernel] Jul 27 14:42:00 combo kernel: Real Time Clock Driver v1.12
[MATCHED: kernel] Jul 27 14:42:00 combo kernel: Linux agpgart interface v0.100 (c) Dave Jones